build.sh
Running from /opt/DMSTEX_dev/wtPLSQL/builds/OraEE213_AP212_ORDS222

Setup Variables

Capture Version

build_initialize.sql

SQL*Plus: Release 21.0.0.0.0 - Production on Wed Apr 3 16:06:35 2024
Version 21.3.0.0.0

Copyright (c) 1982, 2021, Oracle.  All rights reserved.


New Session
Connected.

Reset Output Connections

PL/SQL procedure successfully completed.

Elapsed: 00:00:00.00

PL/SQL procedure successfully completed.

Elapsed: 00:00:00.00

Show Database Connection

'DB:'||NAME||',CON:'||SYS_CONTEXT('USERENV','CON_NAME')||',TSTMP:'||SYSTIMESTAMP
----------------------------------------------------------------------------------------------------------------------------------------------------------------------------------------------------------------------------------------------------------------------------------------------------------------------------------------------------------------------
db: EE213CDB, con: CDB$ROOT, tstmp: 03-APR-24 04.06.35.786702 PM +00:00

Elapsed: 00:00:00.01

Show PDBs

    CON_ID CON_NAME			  OPEN MODE  RESTRICTED
---------- ------------------------------ ---------- ----------
	 2 PDB$SEED			  READ ONLY  NO
	 3 TESTPDB			  READ WRITE NO
	 5 DEVPDB			  READ WRITE NO
	 6 AP212PDB			  READ WRITE NO

Create PDB
ALTER PLUGGABLE DATABASE "DEVPDB" CLOSE IMMEDIATE INSTANCES=ALL;
DROP PLUGGABLE DATABASE "DEVPDB" INCLUDING DATAFILES;
create pluggable database "DEVPDB"
  admin user "PDB_ADMIN" identified by "PDB_ADMIN_Password"
  default tablespace users datafile '/opt/oracle/oradata/EE213CDB/DEVPDB/users01.dbf' size 5M autoextend on
  FILE_NAME_CONVERT = ('pdbseed', 'DEVPDB')
  STORAGE UNLIMITED TEMPFILE REUSE;

PL/SQL procedure successfully completed.

Elapsed: 00:00:11.51

Open PDB

Pluggable database altered.

Elapsed: 00:00:07.72

Show Services

NAME
----------------------------------------------------------------
EE213CDB
SYS$BACKGROUND
ap212pdb
SYS$USERS
testpdb
devpdb
EE213CDBXDB

7 rows selected.

Elapsed: 00:00:00.01

Update DEFAULT Profile

Session altered.

Elapsed: 00:00:00.02

Profile altered.

Elapsed: 00:00:00.12

Session altered.

Elapsed: 00:00:00.00
Disconnected from Oracle Database 21c Enterprise Edition Release 21.0.0.0.0 - Production
Version 21.3.0.0.0

Clear old wtpsrc logs

Move to ../../wtpsrc

../builds/OraEE213_AP212_ORDS222/build.sql wtpsrc

SQL*Plus: Release 21.0.0.0.0 - Production on Wed Apr 3 16:06:55 2024
Version 21.3.0.0.0

Copyright (c) 1982, 2021, Oracle.  All rights reserved.


New Session
Connected.

Reset Output Connections

PL/SQL procedure successfully completed.

Elapsed: 00:00:00.04

PL/SQL procedure successfully completed.

Elapsed: 00:00:00.01

Show Database Connection

'DB:'||NAME||',CON:'||SYS_CONTEXT('USERENV','CON_NAME')||',TSTMP:'||SYSTIMESTAMP
----------------------------------------------------------------------------------------------------------------------------------------------------------------------------------------------------------------------------------------------------------------------------------------------------------------------------------------------------------------------
db: EE213CDB, con: DEVPDB, tstmp: 03-APR-24 04.06.55.556987 PM +00:00

Elapsed: 00:00:00.02

PL/SQL procedure successfully completed.

Identify this Module in V$SESSION
Setup Abort on Error

**************************
*  Run SYS Installation  *
**************************

=== DBI Started: SYS/WTP.usr

User created.


Grant succeeded.


Grant succeeded.


Grant succeeded.


Grant succeeded.


Grant succeeded.

=== DBI Completed at 2024-04-03T16:06:56 for a duration of .51 seconds (started at 2024-04-03T16:06:55)
Setup Continue on Error

*****************************
*  Run SYSTEM Installation  *
*****************************

Connected.

PL/SQL procedure successfully completed.

=== DBI Started: SYSTEM/WTP_usr.grnt

Grant succeeded.


Grant succeeded.


Grant succeeded.


Grant succeeded.


Grant succeeded.


Grant succeeded.


Grant succeeded.


Grant succeeded.


Grant succeeded.


Grant succeeded.

=== DBI Completed at 2024-04-03T16:06:56 for a duration of .36 seconds (started at 2024-04-03T16:06:56)

*************************
*  Install Application	*
*************************

=== DBI Started: ./installation_prepare.sql

Create_Temp_Publicly_Updateable_Table_SQL

Table created.


Grant succeeded.

=== DBI Completed at 2024-04-03T16:06:56 for a duration of .26 seconds (started at 2024-04-03T16:06:56)
=== DBI Started: WTP/WT_EXECUTE_TEST_RUNNER.proc

Warning: Procedure created with compilation errors.


Grant succeeded.


Synonym created.

=== DBI Completed at 2024-04-03T16:06:57 for a duration of .29 seconds (started at 2024-04-03T16:06:57)
=== DBI Started: WTP/CORE_DATA.pspec

Package created.

=== DBI Completed at 2024-04-03T16:06:57 for a duration of .15 seconds (started at 2024-04-03T16:06:57)
=== DBI Started: WTP/HOOK.pspec

Package created.

=== DBI Completed at 2024-04-03T16:06:57 for a duration of .06 seconds (started at 2024-04-03T16:06:57)
=== DBI Started: WTP/WTPLSQL.pspec

Package created.


Grant succeeded.


Synonym created.


Synonym created.

=== DBI Completed at 2024-04-03T16:06:57 for a duration of .18 seconds (started at 2024-04-03T16:06:57)
=== DBI Started: WTP/WT_ASSERT.pspec

Package created.


Grant succeeded.


Synonym created.


Synonym created.

=== DBI Completed at 2024-04-03T16:06:57 for a duration of .23 seconds (started at 2024-04-03T16:06:57)
=== DBI Started: WTP/WT_CORE_REPORT.pspec

Package created.


Grant succeeded.


Synonym created.

=== DBI Completed at 2024-04-03T16:06:58 for a duration of .15 seconds (started at 2024-04-03T16:06:57)
=== DBI Started: WTP/HOOKS.tab

Table created.


Table altered.


Table altered.


Table altered.


Comment created.


Comment created.


Comment created.


Comment created.


Comment created.

=== DBI Completed at 2024-04-03T16:07:15 for a duration of 16.91 seconds (started at 2024-04-03T16:06:58)
=== DBI Started: WTP/WT_VERSIONS.tab

Table created.


Table altered.


Table altered.


Comment created.


Comment created.


Comment created.


Comment created.


Comment created.


Comment created.


Grant succeeded.


Synonym created.

=== DBI Completed at 2024-04-03T16:07:15 for a duration of .38 seconds (started at 2024-04-03T16:07:15)
=== DBI Started: WTP/HOOKS.cdl

Disable Triggers and Foreign Keys

PL/SQL procedure successfully completed.


sqlldr_control=WTP/HOOKS.ctl

  2 Rows successfully loaded.


PL/SQL procedure successfully completed.

=== DBI Completed at 2024-04-03T16:07:18 for a duration of 2.98 seconds (started at 2024-04-03T16:07:15)
=== DBI Started: WTP/WT_QUAL_TEST_RUNNERS_VW.vw

View created.


Grant succeeded.


View created.


Comment created.


Comment created.


Comment created.


Grant succeeded.

=== DBI Completed at 2024-04-03T16:07:18 for a duration of .39 seconds (started at 2024-04-03T16:07:18)
=== DBI Started: WTP/CORE_DATA.pbody

Package body created.

=== DBI Completed at 2024-04-03T16:07:18 for a duration of .1 seconds (started at 2024-04-03T16:07:18)
=== DBI Started: WTP/HOOK.pbody

Package body created.

=== DBI Completed at 2024-04-03T16:07:19 for a duration of .1 seconds (started at 2024-04-03T16:07:18)
=== DBI Started: WTP/WTPLSQL.pbody

Package body created.

=== DBI Completed at 2024-04-03T16:07:19 for a duration of .11 seconds (started at 2024-04-03T16:07:19)
=== DBI Started: WTP/WT_ASSERT.pbody

Package body created.

=== DBI Completed at 2024-04-03T16:07:19 for a duration of .21 seconds (started at 2024-04-03T16:07:19)
=== DBI Started: WTP/WT_CORE_REPORT.pbody

Package body created.

=== DBI Completed at 2024-04-03T16:07:19 for a duration of .11 seconds (started at 2024-04-03T16:07:19)
=== DBI Started: ./installation_finalize.sql

Drop_Temp_Publicly_Updateable_Table_SQL

Table dropped.


alter_foreign_keys_ENABLE
Alter Foreign Keys for wtpsrc Install Type
-- WTP Alter Foreign Keys is done.

PL/SQL procedure successfully completed.


alter_triggers_ENABLE
Alter Triggers for wtpsrc Install Type
-- WTP Alter Triggers is done.

PL/SQL procedure successfully completed.


update_id_sequences
Update ID Sequences for wtpsrc Install Type
-- WTP Identity Sequence Updates is done.

PL/SQL procedure successfully completed.


Load Installation Files

Confirm/Create odbcapture_installation_logs Table
create table odbcapture_installation_logs
 (load_dtm date
 ,install_type varchar2(10)
 ,file_name varchar2(512)
 ,contents clob);
comment on column odbcapture_installation_logs.load_dtm is 'Date/Time the installation log file was loaded.';
comment on column odbcapture_installation_logs.install_type is 'Type of installation (from TYPE_CONF).';
comment on column odbcapture_installation_logs.file_name is 'Name of installation log file.';
comment on column odbcapture_installation_logs.contents is 'Contents/Text of the installation log file.';
comment on table odbcapture_installation_logs is 'ODBCAPTURE installation log files.';
grant select on odbcapture_installation_logs to public;
create public synonym odbcapture_installation_logs for odbcapture_installation_logs;

PL/SQL procedure successfully completed.


sqlldr_control=./odbcapture_installation_logs.ctl

  4 Rows successfully loaded.


PL/SQL procedure successfully completed.


compile_all
Compile All for wtpsrc Install Type
-- WTP Compile All is done.

PL/SQL procedure successfully completed.

=== DBI Completed at 2024-04-03T16:07:25 for a duration of 6.32 seconds (started at 2024-04-03T16:07:19)

*****************
*  Run Reports	*
*****************


Reporting Summary of Install Type Log Errors
Processing file WTP/HOOKS.log (2024-04-03 16:07:22)
Processing file install_sys.log (2024-04-03 16:07:22)
Processing file install_system.log (2024-04-03 16:07:22)
Processing file install_wtpsrc.log (2024-04-03 16:07:22)

PL/SQL procedure successfully completed.


Reporting Invalid Objects

Reporting JUnit XML Database Build Status

Reorting JUnit XML Installation Log

"wtpsrc" Installation is Done.
old   2:    values ('&INSTALL_TYPE.', '&APP_VERSION.', 'INSTALL')
new   2:    values ('wtpsrc', '1.003', 'INSTALL')

1 row created.


Commit complete.


Re-create Invalid Public Synonyms

PL/SQL procedure successfully completed.

Disconnected from Oracle Database 21c Enterprise Edition Release 21.0.0.0.0 - Production
Version 21.3.0.0.0

Move Log Files to Build Folder
'db_build_junit_report.xml' -> '../builds/OraEE213_AP212_ORDS222/wtpsrc/db_build_junit_report.xml'
'install_sys.log' -> '../builds/OraEE213_AP212_ORDS222/wtpsrc/install_sys.log'
'install_system.log' -> '../builds/OraEE213_AP212_ORDS222/wtpsrc/install_system.log'
'install_wtpsrc.log' -> '../builds/OraEE213_AP212_ORDS222/wtpsrc/install_wtpsrc.log'
'log_files_junit_report.xml' -> '../builds/OraEE213_AP212_ORDS222/wtpsrc/log_files_junit_report.xml'
'odbcapture_installation_logs.log' -> '../builds/OraEE213_AP212_ORDS222/wtpsrc/odbcapture_installation_logs.log'
'WTP/HOOKS.log' -> '../builds/OraEE213_AP212_ORDS222/wtpsrc/WTP/HOOKS.log'

Move back to /opt/DMSTEX_dev/wtPLSQL/builds/OraEE213_AP212_ORDS222

Clear old wtptst logs

Move to ../../wtptst

../builds/OraEE213_AP212_ORDS222/build.sql wtptst

SQL*Plus: Release 21.0.0.0.0 - Production on Wed Apr 3 16:07:27 2024
Version 21.3.0.0.0

Copyright (c) 1982, 2021, Oracle.  All rights reserved.


New Session
Connected.

Reset Output Connections

PL/SQL procedure successfully completed.

Elapsed: 00:00:00.01

PL/SQL procedure successfully completed.

Elapsed: 00:00:00.00

Show Database Connection

'DB:'||NAME||',CON:'||SYS_CONTEXT('USERENV','CON_NAME')||',TSTMP:'||SYSTIMESTAMP
----------------------------------------------------------------------------------------------------------------------------------------------------------------------------------------------------------------------------------------------------------------------------------------------------------------------------------------------------------------------
db: EE213CDB, con: DEVPDB, tstmp: 03-APR-24 04.07.28.037668 PM +00:00

Elapsed: 00:00:00.01

PL/SQL procedure successfully completed.

Identify this Module in V$SESSION
Setup Abort on Error

**************************
*  Run SYS Installation  *
**************************

Setup Continue on Error

*****************************
*  Run SYSTEM Installation  *
*****************************

Connected.

PL/SQL procedure successfully completed.


*************************
*  Install Application	*
*************************

=== DBI Started: ./installation_prepare.sql

Create_Temp_Publicly_Updateable_Table_SQL

Table created.


Grant succeeded.

=== DBI Completed at 2024-04-03T16:07:28 for a duration of .12 seconds (started at 2024-04-03T16:07:28)
=== DBI Started: WTP/WT_SELF_TEST.tab

Table created.


Table altered.


Comment created.


Comment created.


Comment created.


Comment created.


Comment created.


Comment created.

=== DBI Completed at 2024-04-03T16:07:30 for a duration of 1.65 seconds (started at 2024-04-03T16:07:28)
=== DBI Started: WTP/WT_SELF_TEST.cdl

Disable Triggers and Foreign Keys

PL/SQL procedure successfully completed.


sqlldr_control=WTP/WT_SELF_TEST.ctl

  2 Rows successfully loaded.


PL/SQL procedure successfully completed.


PL/SQL procedure successfully completed.


Commit complete.

=== DBI Completed at 2024-04-03T16:07:34 for a duration of 4.68 seconds (started at 2024-04-03T16:07:30)
=== DBI Started: WTP/WT_SELF_TEST.tabtrg

Trigger created.


Trigger altered.

=== DBI Completed at 2024-04-03T16:07:34 for a duration of .14 seconds (started at 2024-04-03T16:07:34)
=== DBI Started: ./installation_finalize.sql

Drop_Temp_Publicly_Updateable_Table_SQL

Table dropped.


alter_foreign_keys_ENABLE
Alter Foreign Keys for wtptst Install Type
-- WTP Alter Foreign Keys is done.

PL/SQL procedure successfully completed.


alter_triggers_ENABLE
Alter Triggers for wtptst Install Type
alter trigger "WTP"."WT_SELF_TEST$TEST" ENABLE;
-- WTP Alter Triggers is done.

PL/SQL procedure successfully completed.


update_id_sequences
Update ID Sequences for wtptst Install Type
-- WTP Identity Sequence Updates is done.

PL/SQL procedure successfully completed.


Load Installation Files

Confirm/Create odbcapture_installation_logs Table

PL/SQL procedure successfully completed.


sqlldr_control=./odbcapture_installation_logs.ctl

  4 Rows successfully loaded.


PL/SQL procedure successfully completed.


compile_all
Compile All for wtptst Install Type
-- WTP Compile All is done.

PL/SQL procedure successfully completed.

=== DBI Completed at 2024-04-03T16:07:37 for a duration of 2.47 seconds (started at 2024-04-03T16:07:34)

*****************
*  Run Reports	*
*****************


Reporting Summary of Install Type Log Errors
Processing file WTP/WT_SELF_TEST.log (2024-04-03 16:07:35)
Processing file install_sys.log (2024-04-03 16:07:35)
Processing file install_system.log (2024-04-03 16:07:35)
Processing file install_wtptst.log (2024-04-03 16:07:35)

PL/SQL procedure successfully completed.


Reporting Invalid Objects

Reporting JUnit XML Database Build Status

Reorting JUnit XML Installation Log

"wtptst" Installation is Done.
old   2:    values ('&INSTALL_TYPE.', '&APP_VERSION.', 'INSTALL')
new   2:    values ('wtptst', '1.003', 'INSTALL')

1 row created.


Commit complete.


Re-create Invalid Public Synonyms

PL/SQL procedure successfully completed.

Disconnected from Oracle Database 21c Enterprise Edition Release 21.0.0.0.0 - Production
Version 21.3.0.0.0

Move Log Files to Build Folder
'db_build_junit_report.xml' -> '../builds/OraEE213_AP212_ORDS222/wtptst/db_build_junit_report.xml'
'install_sys.log' -> '../builds/OraEE213_AP212_ORDS222/wtptst/install_sys.log'
'install_system.log' -> '../builds/OraEE213_AP212_ORDS222/wtptst/install_system.log'
'install_wtptst.log' -> '../builds/OraEE213_AP212_ORDS222/wtptst/install_wtptst.log'
'log_files_junit_report.xml' -> '../builds/OraEE213_AP212_ORDS222/wtptst/log_files_junit_report.xml'
'odbcapture_installation_logs.log' -> '../builds/OraEE213_AP212_ORDS222/wtptst/odbcapture_installation_logs.log'
'WTP/WT_SELF_TEST.log' -> '../builds/OraEE213_AP212_ORDS222/wtptst/WTP/WT_SELF_TEST.log'

Move back to /opt/DMSTEX_dev/wtPLSQL/builds/OraEE213_AP212_ORDS222

Clear old wtpjun logs

Move to ../../wtpjun

../builds/OraEE213_AP212_ORDS222/build.sql wtpjun

SQL*Plus: Release 21.0.0.0.0 - Production on Wed Apr 3 16:07:38 2024
Version 21.3.0.0.0

Copyright (c) 1982, 2021, Oracle.  All rights reserved.


New Session
Connected.

Reset Output Connections

PL/SQL procedure successfully completed.

Elapsed: 00:00:00.00

PL/SQL procedure successfully completed.

Elapsed: 00:00:00.01

Show Database Connection

'DB:'||NAME||',CON:'||SYS_CONTEXT('USERENV','CON_NAME')||',TSTMP:'||SYSTIMESTAMP
----------------------------------------------------------------------------------------------------------------------------------------------------------------------------------------------------------------------------------------------------------------------------------------------------------------------------------------------------------------------
db: EE213CDB, con: DEVPDB, tstmp: 03-APR-24 04.07.38.442936 PM +00:00

Elapsed: 00:00:00.01

PL/SQL procedure successfully completed.

Identify this Module in V$SESSION
Setup Abort on Error

**************************
*  Run SYS Installation  *
**************************

Setup Continue on Error

*****************************
*  Run SYSTEM Installation  *
*****************************

Connected.

PL/SQL procedure successfully completed.


*************************
*  Install Application	*
*************************

=== DBI Started: ./installation_prepare.sql

Create_Temp_Publicly_Updateable_Table_SQL

Table created.


Grant succeeded.

=== DBI Completed at 2024-04-03T16:07:38 for a duration of .1 seconds (started at 2024-04-03T16:07:38)
=== DBI Started: WTP/JUNIT_CORE_REPORT.pspec

Package created.

=== DBI Completed at 2024-04-03T16:07:38 for a duration of .12 seconds (started at 2024-04-03T16:07:38)
=== DBI Started: WTP/HOOKS.cdl

Disable Triggers and Foreign Keys

PL/SQL procedure successfully completed.


sqlldr_control=WTP/HOOKS.ctl

  3 Rows successfully loaded.


PL/SQL procedure successfully completed.

=== DBI Completed at 2024-04-03T16:07:40 for a duration of 1.35 seconds (started at 2024-04-03T16:07:38)
=== DBI Started: WTP/JUNIT_CORE_REPORT.pbody

Package body created.

=== DBI Completed at 2024-04-03T16:07:40 for a duration of .08 seconds (started at 2024-04-03T16:07:40)
=== DBI Started: ./installation_finalize.sql

Drop_Temp_Publicly_Updateable_Table_SQL

Table dropped.


alter_foreign_keys_ENABLE
Alter Foreign Keys for wtpjun Install Type
-- WTP Alter Foreign Keys is done.

PL/SQL procedure successfully completed.


alter_triggers_ENABLE
Alter Triggers for wtpjun Install Type
alter trigger "WTP"."WT_SELF_TEST$TEST" ENABLE;
-- WTP Alter Triggers is done.

PL/SQL procedure successfully completed.


update_id_sequences
Update ID Sequences for wtpjun Install Type
-- WTP Identity Sequence Updates is done.

PL/SQL procedure successfully completed.


Load Installation Files

Confirm/Create odbcapture_installation_logs Table

PL/SQL procedure successfully completed.


sqlldr_control=./odbcapture_installation_logs.ctl

  4 Rows successfully loaded.


PL/SQL procedure successfully completed.


compile_all
Compile All for wtpjun Install Type
-- WTP Compile All is done.

PL/SQL procedure successfully completed.

=== DBI Completed at 2024-04-03T16:07:42 for a duration of 2.58 seconds (started at 2024-04-03T16:07:40)

*****************
*  Run Reports	*
*****************


Reporting Summary of Install Type Log Errors
Processing file WTP/HOOKS.log (2024-04-03 16:07:41)
Processing file install_sys.log (2024-04-03 16:07:41)
Processing file install_system.log (2024-04-03 16:07:41)
Processing file install_wtpjun.log (2024-04-03 16:07:41)

PL/SQL procedure successfully completed.


Reporting Invalid Objects

Reporting JUnit XML Database Build Status

Reorting JUnit XML Installation Log

"wtpjun" Installation is Done.
old   2:    values ('&INSTALL_TYPE.', '&APP_VERSION.', 'INSTALL')
new   2:    values ('wtpjun', '1.003', 'INSTALL')

1 row created.


Commit complete.


Re-create Invalid Public Synonyms

PL/SQL procedure successfully completed.

Disconnected from Oracle Database 21c Enterprise Edition Release 21.0.0.0.0 - Production
Version 21.3.0.0.0

Move Log Files to Build Folder
'db_build_junit_report.xml' -> '../builds/OraEE213_AP212_ORDS222/wtpjun/db_build_junit_report.xml'
'install_sys.log' -> '../builds/OraEE213_AP212_ORDS222/wtpjun/install_sys.log'
'install_system.log' -> '../builds/OraEE213_AP212_ORDS222/wtpjun/install_system.log'
'install_wtpjun.log' -> '../builds/OraEE213_AP212_ORDS222/wtpjun/install_wtpjun.log'
'log_files_junit_report.xml' -> '../builds/OraEE213_AP212_ORDS222/wtpjun/log_files_junit_report.xml'
'odbcapture_installation_logs.log' -> '../builds/OraEE213_AP212_ORDS222/wtpjun/odbcapture_installation_logs.log'
'WTP/HOOKS.log' -> '../builds/OraEE213_AP212_ORDS222/wtpjun/WTP/HOOKS.log'

Move back to /opt/DMSTEX_dev/wtPLSQL/builds/OraEE213_AP212_ORDS222

Clear old wtpsav logs

Move to ../../wtpsav

../builds/OraEE213_AP212_ORDS222/build.sql wtpsav

SQL*Plus: Release 21.0.0.0.0 - Production on Wed Apr 3 16:07:44 2024
Version 21.3.0.0.0

Copyright (c) 1982, 2021, Oracle.  All rights reserved.


New Session
Connected.

Reset Output Connections

PL/SQL procedure successfully completed.

Elapsed: 00:00:00.01

PL/SQL procedure successfully completed.

Elapsed: 00:00:00.00

Show Database Connection

'DB:'||NAME||',CON:'||SYS_CONTEXT('USERENV','CON_NAME')||',TSTMP:'||SYSTIMESTAMP
----------------------------------------------------------------------------------------------------------------------------------------------------------------------------------------------------------------------------------------------------------------------------------------------------------------------------------------------------------------------
db: EE213CDB, con: DEVPDB, tstmp: 03-APR-24 04.07.44.389328 PM +00:00

Elapsed: 00:00:00.01

PL/SQL procedure successfully completed.

Identify this Module in V$SESSION
Setup Abort on Error

**************************
*  Run SYS Installation  *
**************************

Setup Continue on Error

*****************************
*  Run SYSTEM Installation  *
*****************************

Connected.

PL/SQL procedure successfully completed.


*************************
*  Install Application	*
*************************

=== DBI Started: ./installation_prepare.sql

Create_Temp_Publicly_Updateable_Table_SQL

Table created.


Grant succeeded.

=== DBI Completed at 2024-04-03T16:07:44 for a duration of .1 seconds (started at 2024-04-03T16:07:44)
=== DBI Started: WTP/PLSQL_PROFILER_RUNNUMBER.seq

Sequence created.

=== DBI Completed at 2024-04-03T16:07:44 for a duration of .07 seconds (started at 2024-04-03T16:07:44)
=== DBI Started: WTP/WT_DBOUTS_SEQ.seq

Sequence created.

=== DBI Completed at 2024-04-03T16:07:44 for a duration of .05 seconds (started at 2024-04-03T16:07:44)
=== DBI Started: WTP/WT_TESTCASES_SEQ.seq

Sequence created.

=== DBI Completed at 2024-04-03T16:07:44 for a duration of .06 seconds (started at 2024-04-03T16:07:44)
=== DBI Started: WTP/WT_TEST_RUNNERS_SEQ.seq

Sequence created.

=== DBI Completed at 2024-04-03T16:07:45 for a duration of .06 seconds (started at 2024-04-03T16:07:44)
=== DBI Started: WTP/WT_TEST_RUNS_SEQ.seq

Sequence created.


Grant succeeded.

=== DBI Completed at 2024-04-03T16:07:45 for a duration of .09 seconds (started at 2024-04-03T16:07:45)
=== DBI Started: WTP/JUNIT_XML_PERSIST_ALL.proc

Warning: Procedure created with compilation errors.

=== DBI Completed at 2024-04-03T16:07:45 for a duration of .09 seconds (started at 2024-04-03T16:07:45)
=== DBI Started: WTP/WT_DBOUT.pspec

Package created.

=== DBI Completed at 2024-04-03T16:07:45 for a duration of .07 seconds (started at 2024-04-03T16:07:45)
=== DBI Started: WTP/WT_JOB.pspec

Package created.

=== DBI Completed at 2024-04-03T16:07:45 for a duration of .05 seconds (started at 2024-04-03T16:07:45)
=== DBI Started: WTP/WT_PERSIST_REPORT.pspec

Package created.

=== DBI Completed at 2024-04-03T16:07:45 for a duration of .06 seconds (started at 2024-04-03T16:07:45)
=== DBI Started: WTP/WT_PROFILE.pspec

Warning: Package created with compilation errors.

=== DBI Completed at 2024-04-03T16:07:45 for a duration of .07 seconds (started at 2024-04-03T16:07:45)
=== DBI Started: WTP/WT_RESULT.pspec

Package created.

=== DBI Completed at 2024-04-03T16:07:45 for a duration of .06 seconds (started at 2024-04-03T16:07:45)
=== DBI Started: WTP/WT_TESTCASE.pspec

Package created.

=== DBI Completed at 2024-04-03T16:07:45 for a duration of .06 seconds (started at 2024-04-03T16:07:45)
=== DBI Started: WTP/WT_TEST_RUN.pspec

Package created.

=== DBI Completed at 2024-04-03T16:07:45 for a duration of .06 seconds (started at 2024-04-03T16:07:45)
=== DBI Started: WTP/WT_TEST_RUNNER.pspec

Package created.

=== DBI Completed at 2024-04-03T16:07:45 for a duration of .07 seconds (started at 2024-04-03T16:07:45)
=== DBI Started: WTP/PLSQL_PROFILER_DATA.tab

Table created.


Table altered.


Comment created.


Comment created.


Comment created.


Comment created.


Comment created.


Comment created.


Comment created.


Comment created.


Comment created.


Comment created.


Comment created.


Comment created.

=== DBI Completed at 2024-04-03T16:07:46 for a duration of .46 seconds (started at 2024-04-03T16:07:45)
=== DBI Started: WTP/PLSQL_PROFILER_RUNS.tab

Table created.


Table altered.


Comment created.


Comment created.


Comment created.


Comment created.


Comment created.


Comment created.


Comment created.


Comment created.


Comment created.


Comment created.

=== DBI Completed at 2024-04-03T16:07:46 for a duration of .35 seconds (started at 2024-04-03T16:07:46)
=== DBI Started: WTP/PLSQL_PROFILER_UNITS.tab

Table created.


Table altered.


Comment created.


Comment created.


Comment created.


Comment created.


Comment created.


Comment created.


Comment created.


Comment created.


Comment created.


Comment created.

=== DBI Completed at 2024-04-03T16:07:47 for a duration of .35 seconds (started at 2024-04-03T16:07:46)
=== DBI Started: WTP/WT_DBOUTS.tab

Table created.


Table altered.


Table altered.


Comment created.


Comment created.


Comment created.


Comment created.


Comment created.


Grant succeeded.


Grant succeeded.

=== DBI Completed at 2024-04-03T16:07:47 for a duration of .36 seconds (started at 2024-04-03T16:07:47)
=== DBI Started: WTP/WT_DBOUT_RUNS.tab

Table created.


Table altered.


Table altered.


Comment created.


Comment created.


Comment created.


Comment created.


Comment created.


Comment created.


Comment created.


Comment created.


Comment created.


Comment created.


Comment created.


Comment created.


Comment created.


Comment created.


Comment created.


Grant succeeded.


Grant succeeded.


Grant succeeded.

=== DBI Completed at 2024-04-03T16:07:48 for a duration of .71 seconds (started at 2024-04-03T16:07:47)
=== DBI Started: WTP/WT_PROFILES.tab

Table created.


Table altered.


Comment created.


Comment created.


Comment created.


Comment created.


Comment created.


Comment created.


Comment created.


Comment created.


Comment created.


Grant succeeded.


Grant succeeded.

=== DBI Completed at 2024-04-03T16:07:48 for a duration of .44 seconds (started at 2024-04-03T16:07:48)
=== DBI Started: WTP/WT_RESULTS.tab

Table created.


Table altered.


Comment created.


Comment created.


Comment created.


Comment created.


Comment created.


Comment created.


Comment created.


Comment created.


Comment created.


Comment created.


Grant succeeded.


Grant succeeded.

=== DBI Completed at 2024-04-03T16:07:49 for a duration of .42 seconds (started at 2024-04-03T16:07:48)
=== DBI Started: WTP/WT_TESTCASES.tab

Table created.


Table altered.


Table altered.


Comment created.


Comment created.


Comment created.


Grant succeeded.


Grant succeeded.

=== DBI Completed at 2024-04-03T16:07:49 for a duration of .35 seconds (started at 2024-04-03T16:07:49)
=== DBI Started: WTP/WT_TESTCASE_RUNS.tab

Table created.


Table altered.


Comment created.


Comment created.


Comment created.


Comment created.


Comment created.


Comment created.


Comment created.


Comment created.


Comment created.


Comment created.


Comment created.


Grant succeeded.


Grant succeeded.

=== DBI Completed at 2024-04-03T16:07:49 for a duration of .45 seconds (started at 2024-04-03T16:07:49)
=== DBI Started: WTP/WT_TEST_RUNNERS.tab

Table created.


Table altered.


Table altered.


Comment created.


Comment created.


Comment created.


Comment created.


Grant succeeded.


Grant succeeded.

=== DBI Completed at 2024-04-03T16:07:50 for a duration of .32 seconds (started at 2024-04-03T16:07:49)
=== DBI Started: WTP/WT_TEST_RUNS.tab

Table created.


Table altered.


Table altered.


Comment created.


Comment created.


Comment created.


Comment created.


Comment created.


Comment created.


Comment created.


Comment created.


Comment created.


Comment created.


Comment created.


Comment created.


Comment created.


Comment created.


Comment created.


Comment created.


Comment created.


Comment created.


Comment created.


Comment created.


Comment created.


Grant succeeded.


Grant succeeded.


Grant succeeded.

=== DBI Completed at 2024-04-03T16:07:50 for a duration of .76 seconds (started at 2024-04-03T16:07:50)
=== DBI Started: WTP/PLSQL_PROFILER_RUNS.tabind

Index created.

=== DBI Completed at 2024-04-03T16:07:51 for a duration of .07 seconds (started at 2024-04-03T16:07:50)
=== DBI Started: WTP/WT_DBOUTS.tabind

Index created.

=== DBI Completed at 2024-04-03T16:07:51 for a duration of .07 seconds (started at 2024-04-03T16:07:51)
=== DBI Started: WTP/WT_RESULTS.tabind

Index created.

=== DBI Completed at 2024-04-03T16:07:51 for a duration of .07 seconds (started at 2024-04-03T16:07:51)
=== DBI Started: WTP/WT_TESTCASE_RUNS.tabind

Index created.

=== DBI Completed at 2024-04-03T16:07:51 for a duration of .08 seconds (started at 2024-04-03T16:07:51)
=== DBI Started: WTP/WT_TEST_RUNS.tabind

Index created.


Index created.

=== DBI Completed at 2024-04-03T16:07:51 for a duration of .14 seconds (started at 2024-04-03T16:07:51)
=== DBI Started: WTP/WT_DBOUT_RUNS_VW.vw

View created.


Grant succeeded.


View created.


Comment created.


Comment created.


Comment created.


Comment created.


Comment created.


Comment created.


Comment created.


Comment created.


Comment created.


Comment created.


Comment created.


Comment created.


Comment created.


Comment created.


Comment created.


Comment created.


Comment created.


Comment created.


Comment created.


Comment created.


Comment created.


Comment created.


Comment created.


Comment created.


Comment created.


Comment created.


Grant succeeded.

=== DBI Completed at 2024-04-03T16:07:52 for a duration of .77 seconds (started at 2024-04-03T16:07:51)
=== DBI Started: WTP/WT_PROFILES_VW.vw

View created.


Grant succeeded.


View created.


Comment created.


Comment created.


Comment created.


Comment created.


Comment created.


Comment created.


Comment created.


Comment created.


Comment created.


Comment created.


Comment created.


Comment created.


Comment created.


Comment created.


Comment created.


Comment created.


Grant succeeded.

=== DBI Completed at 2024-04-03T16:07:52 for a duration of .58 seconds (started at 2024-04-03T16:07:52)
=== DBI Started: WTP/WT_RESULTS_VW.vw

View created.


Grant succeeded.


View created.


Comment created.


Comment created.


Comment created.


Comment created.


Comment created.


Comment created.


Comment created.


Comment created.


Comment created.


Comment created.


Comment created.


Comment created.


Comment created.


Comment created.


Comment created.


Comment created.


Comment created.


Comment created.


Grant succeeded.

=== DBI Completed at 2024-04-03T16:07:53 for a duration of .58 seconds (started at 2024-04-03T16:07:52)
=== DBI Started: WTP/WT_SCHEDULER_JOBS_VW.vw

View created.


View created.


Comment created.


Comment created.


Comment created.


Comment created.


Comment created.


Comment created.


Comment created.


Comment created.


Comment created.


Comment created.

=== DBI Completed at 2024-04-03T16:07:53 for a duration of .44 seconds (started at 2024-04-03T16:07:53)
=== DBI Started: WTP/WT_TESTCASE_RUNS_VW.vw

View created.


Grant succeeded.


View created.


Comment created.


Comment created.


Comment created.


Comment created.


Comment created.


Comment created.


Comment created.


Comment created.


Comment created.


Comment created.


Comment created.


Comment created.


Comment created.


Comment created.


Comment created.


Comment created.


Comment created.


Grant succeeded.

=== DBI Completed at 2024-04-03T16:07:54 for a duration of .55 seconds (started at 2024-04-03T16:07:53)
=== DBI Started: WTP/WT_TEST_RUNS_VW.vw

View created.


Grant succeeded.


View created.


Comment created.


Comment created.


Comment created.


Comment created.


Comment created.


Comment created.


Comment created.


Comment created.


Comment created.


Comment created.


Comment created.


Comment created.


Comment created.


Comment created.


Comment created.


Comment created.


Comment created.


Comment created.


Comment created.


Comment created.


Comment created.


Comment created.


Grant succeeded.

=== DBI Completed at 2024-04-03T16:07:55 for a duration of .67 seconds (started at 2024-04-03T16:07:54)
=== DBI Started: WTP/WT_DBOUT.pbody

Package body created.

=== DBI Completed at 2024-04-03T16:07:55 for a duration of .09 seconds (started at 2024-04-03T16:07:55)
=== DBI Started: WTP/WT_JOB.pbody

Package body created.

=== DBI Completed at 2024-04-03T16:07:55 for a duration of .09 seconds (started at 2024-04-03T16:07:55)
=== DBI Started: WTP/WT_PERSIST_REPORT.pbody

Package body created.

=== DBI Completed at 2024-04-03T16:07:55 for a duration of .13 seconds (started at 2024-04-03T16:07:55)
=== DBI Started: WTP/WT_PROFILE.pbody

Package body created.

=== DBI Completed at 2024-04-03T16:07:55 for a duration of .2 seconds (started at 2024-04-03T16:07:55)
=== DBI Started: WTP/WT_RESULT.pbody

Package body created.

=== DBI Completed at 2024-04-03T16:07:55 for a duration of .09 seconds (started at 2024-04-03T16:07:55)
=== DBI Started: WTP/WT_TESTCASE.pbody

Package body created.

=== DBI Completed at 2024-04-03T16:07:55 for a duration of .08 seconds (started at 2024-04-03T16:07:55)
=== DBI Started: WTP/WT_TEST_RUN.pbody

Package body created.

=== DBI Completed at 2024-04-03T16:07:55 for a duration of .1 seconds (started at 2024-04-03T16:07:55)
=== DBI Started: WTP/WT_TEST_RUNNER.pbody

Package body created.

=== DBI Completed at 2024-04-03T16:07:56 for a duration of .12 seconds (started at 2024-04-03T16:07:55)
=== DBI Started: WTP/PLSQL_PROFILER_DATA.tabfk

Table altered.

=== DBI Completed at 2024-04-03T16:07:56 for a duration of .07 seconds (started at 2024-04-03T16:07:56)
=== DBI Started: WTP/PLSQL_PROFILER_UNITS.tabfk

Table altered.

=== DBI Completed at 2024-04-03T16:07:56 for a duration of .08 seconds (started at 2024-04-03T16:07:56)
=== DBI Started: WTP/WT_DBOUT_RUNS.tabfk

Table altered.


Table altered.

=== DBI Completed at 2024-04-03T16:07:56 for a duration of .13 seconds (started at 2024-04-03T16:07:56)
=== DBI Started: WTP/WT_PROFILES.tabfk

Table altered.

=== DBI Completed at 2024-04-03T16:07:56 for a duration of .07 seconds (started at 2024-04-03T16:07:56)
=== DBI Started: WTP/WT_RESULTS.tabfk

Table altered.


Table altered.

=== DBI Completed at 2024-04-03T16:07:56 for a duration of .12 seconds (started at 2024-04-03T16:07:56)
=== DBI Started: WTP/WT_TESTCASE_RUNS.tabfk

Table altered.


Table altered.

=== DBI Completed at 2024-04-03T16:07:56 for a duration of .12 seconds (started at 2024-04-03T16:07:56)
=== DBI Started: WTP/WT_TEST_RUNS.tabfk

Table altered.


Table altered.

=== DBI Completed at 2024-04-03T16:07:56 for a duration of .15 seconds (started at 2024-04-03T16:07:56)
=== DBI Started: ./installation_finalize.sql

Drop_Temp_Publicly_Updateable_Table_SQL

Table dropped.


alter_foreign_keys_ENABLE
Alter Foreign Keys for wtpsav Install Type
alter table "WTP"."PLSQL_PROFILER_DATA" ENABLE constraint "PLSQL_PROFILER_DATA_FK1";
alter table "WTP"."PLSQL_PROFILER_UNITS" ENABLE constraint "PLSQL_PROFILER_UNITS_FK1";
alter table "WTP"."WT_DBOUT_RUNS" ENABLE constraint "WT_DBOUT_RUNS_FK1";
alter table "WTP"."WT_DBOUT_RUNS" ENABLE constraint "WT_DBOUT_RUNS_FK2";
alter table "WTP"."WT_PROFILES" ENABLE constraint "WT_PROFILES_FK1";
alter table "WTP"."WT_RESULTS" ENABLE constraint "WT_RESULTS_FK1";
alter table "WTP"."WT_RESULTS" ENABLE constraint "WT_RESULTS_FK2";
alter table "WTP"."WT_TESTCASE_RUNS" ENABLE constraint "WT_TESTCASE_RUNS_FK1";
alter table "WTP"."WT_TESTCASE_RUNS" ENABLE constraint "WT_TESTCASE_RUNS_FK2";
alter table "WTP"."WT_TEST_RUNS" ENABLE constraint "WT_TEST_RUNS_FK1";
alter table "WTP"."WT_TEST_RUNS" ENABLE constraint "WT_TEST_RUNS_FK2";
-- WTP Alter Foreign Keys is done.

PL/SQL procedure successfully completed.


alter_triggers_ENABLE
Alter Triggers for wtpsav Install Type
alter trigger "WTP"."WT_SELF_TEST$TEST" ENABLE;
-- WTP Alter Triggers is done.

PL/SQL procedure successfully completed.


update_id_sequences
Update ID Sequences for wtpsav Install Type
-- WTP Identity Sequence Updates is done.

PL/SQL procedure successfully completed.


Load Installation Files

Confirm/Create odbcapture_installation_logs Table

PL/SQL procedure successfully completed.


sqlldr_control=./odbcapture_installation_logs.ctl

  3 Rows successfully loaded.


PL/SQL procedure successfully completed.


compile_all
Compile All for wtpsav Install Type
-- WTP Compile All is done.

PL/SQL procedure successfully completed.

=== DBI Completed at 2024-04-03T16:08:00 for a duration of 3.45 seconds (started at 2024-04-03T16:07:57)

*****************
*  Run Reports	*
*****************


Reporting Summary of Install Type Log Errors
Processing file install_sys.log (2024-04-03 16:07:57)
Processing file install_system.log (2024-04-03 16:07:57)
Processing file install_wtpsav.log (2024-04-03 16:07:57)

PL/SQL procedure successfully completed.


Reporting Invalid Objects

Reporting JUnit XML Database Build Status

Reorting JUnit XML Installation Log

"wtpsav" Installation is Done.
old   2:    values ('&INSTALL_TYPE.', '&APP_VERSION.', 'INSTALL')
new   2:    values ('wtpsav', '1.003', 'INSTALL')

1 row created.


Commit complete.


Re-create Invalid Public Synonyms

PL/SQL procedure successfully completed.

Disconnected from Oracle Database 21c Enterprise Edition Release 21.0.0.0.0 - Production
Version 21.3.0.0.0

Move Log Files to Build Folder
'db_build_junit_report.xml' -> '../builds/OraEE213_AP212_ORDS222/wtpsav/db_build_junit_report.xml'
'install_sys.log' -> '../builds/OraEE213_AP212_ORDS222/wtpsav/install_sys.log'
'install_system.log' -> '../builds/OraEE213_AP212_ORDS222/wtpsav/install_system.log'
'install_wtpsav.log' -> '../builds/OraEE213_AP212_ORDS222/wtpsav/install_wtpsav.log'
'log_files_junit_report.xml' -> '../builds/OraEE213_AP212_ORDS222/wtpsav/log_files_junit_report.xml'
'odbcapture_installation_logs.log' -> '../builds/OraEE213_AP212_ORDS222/wtpsav/odbcapture_installation_logs.log'

Move back to /opt/DMSTEX_dev/wtPLSQL/builds/OraEE213_AP212_ORDS222

Clear old grbsrc logs

Move to ../../grbsrc

../builds/OraEE213_AP212_ORDS222/build.sql grbsrc

SQL*Plus: Release 21.0.0.0.0 - Production on Wed Apr 3 16:08:01 2024
Version 21.3.0.0.0

Copyright (c) 1982, 2021, Oracle.  All rights reserved.


New Session
Connected.

Reset Output Connections

PL/SQL procedure successfully completed.

Elapsed: 00:00:00.00

PL/SQL procedure successfully completed.

Elapsed: 00:00:00.01

Show Database Connection

'DB:'||NAME||',CON:'||SYS_CONTEXT('USERENV','CON_NAME')||',TSTMP:'||SYSTIMESTAMP
----------------------------------------------------------------------------------------------------------------------------------------------------------------------------------------------------------------------------------------------------------------------------------------------------------------------------------------------------------------------
db: EE213CDB, con: DEVPDB, tstmp: 03-APR-24 04.08.01.742417 PM +00:00

Elapsed: 00:00:00.00

PL/SQL procedure successfully completed.

Identify this Module in V$SESSION
Setup Abort on Error

**************************
*  Run SYS Installation  *
**************************

=== DBI Started: SYS/ODBCAPTURE.usr

User created.


Grant succeeded.


Grant succeeded.


Grant succeeded.


Grant succeeded.


Grant succeeded.


Grant succeeded.


Grant succeeded.


Grant succeeded.


Grant succeeded.


Grant succeeded.


Grant succeeded.


Grant succeeded.


Grant succeeded.


Grant succeeded.


Grant succeeded.


Grant succeeded.


Grant succeeded.


Grant succeeded.


Grant succeeded.


Grant succeeded.


Grant succeeded.


Grant succeeded.


Grant succeeded.


Grant succeeded.


Grant succeeded.


Grant succeeded.


Grant succeeded.


Grant succeeded.


Grant succeeded.


Grant succeeded.


Grant succeeded.


Grant succeeded.


Grant succeeded.


Grant succeeded.


Grant succeeded.


Grant succeeded.


Grant succeeded.


Grant succeeded.


Grant succeeded.


Grant succeeded.


Grant succeeded.


Grant succeeded.


Grant succeeded.


Grant succeeded.


Grant succeeded.


Grant succeeded.


Grant succeeded.


Grant succeeded.


Grant succeeded.


Grant succeeded.


Grant succeeded.


Grant succeeded.


Grant succeeded.


Grant succeeded.


Grant succeeded.


Grant succeeded.


Grant succeeded.


Grant succeeded.


Grant succeeded.


Grant succeeded.


Grant succeeded.


Grant succeeded.


Grant succeeded.


Grant succeeded.


Grant succeeded.


Grant succeeded.


Grant succeeded.


Grant succeeded.


Grant succeeded.


Grant succeeded.


Grant succeeded.


Grant succeeded.


Grant succeeded.


Grant succeeded.


Grant succeeded.


Grant succeeded.


Grant succeeded.


Grant succeeded.


Grant succeeded.


Grant succeeded.


Grant succeeded.


Grant succeeded.


Grant succeeded.


Grant succeeded.


Grant succeeded.


Grant succeeded.


Grant succeeded.


Grant succeeded.

=== DBI Completed at 2024-04-03T16:08:06 for a duration of 4.23 seconds (started at 2024-04-03T16:08:01)
Setup Continue on Error

*****************************
*  Run SYSTEM Installation  *
*****************************

Connected.

PL/SQL procedure successfully completed.

=== DBI Started: SYSTEM/GRAB_SCRIPTS_DIR.dir

Directory created.


Grant succeeded.


Grant succeeded.


Grant succeeded.

=== DBI Completed at 2024-04-03T16:08:06 for a duration of .17 seconds (started at 2024-04-03T16:08:06)
=== DBI Started: SYSTEM/ODBCAPTURE_usr.grnt

Grant succeeded.


Grant succeeded.


Grant succeeded.


Grant succeeded.


Grant succeeded.


Grant succeeded.


Grant succeeded.


Grant succeeded.

=== DBI Completed at 2024-04-03T16:08:06 for a duration of .32 seconds (started at 2024-04-03T16:08:06)

*************************
*  Install Application	*
*************************

=== DBI Started: ./installation_prepare.sql

Create_Temp_Publicly_Updateable_Table_SQL

Table created.


Grant succeeded.

=== DBI Completed at 2024-04-03T16:08:06 for a duration of .2 seconds (started at 2024-04-03T16:08:06)
=== DBI Started: ODBCAPTURE/COMMON_UTIL.pspec

Package created.

=== DBI Completed at 2024-04-03T16:08:06 for a duration of .07 seconds (started at 2024-04-03T16:08:06)
=== DBI Started: ODBCAPTURE/GRAB_SCRIPTS.pspec

Package created.

=== DBI Completed at 2024-04-03T16:08:07 for a duration of .11 seconds (started at 2024-04-03T16:08:07)
=== DBI Started: ODBCAPTURE/ROOT_SCRIPTS.pspec

Package created.

=== DBI Completed at 2024-04-03T16:08:07 for a duration of .08 seconds (started at 2024-04-03T16:08:07)
=== DBI Started: ODBCAPTURE/ZIP_UTIL_PKG.pspec

Package created.

=== DBI Completed at 2024-04-03T16:08:07 for a duration of .07 seconds (started at 2024-04-03T16:08:07)
=== DBI Started: ODBCAPTURE/DBA_DEPENDENCIES_TAB.tab

Table created.

=== DBI Completed at 2024-04-03T16:08:07 for a duration of .09 seconds (started at 2024-04-03T16:08:07)
=== DBI Started: ODBCAPTURE/DBA_OBJECTS_TAB.tab

Table created.

=== DBI Completed at 2024-04-03T16:08:07 for a duration of .07 seconds (started at 2024-04-03T16:08:07)
=== DBI Started: ODBCAPTURE/DBA_TAB_PRIVS_TAB.tab

Table created.

=== DBI Completed at 2024-04-03T16:08:07 for a duration of .26 seconds (started at 2024-04-03T16:08:07)
=== DBI Started: ODBCAPTURE/DLOAD_CONF.tab

Table created.


Table altered.


Comment created.


Comment created.


Comment created.


Comment created.


Comment created.


Comment created.


Comment created.


Comment created.


Comment created.

=== DBI Completed at 2024-04-03T16:08:08 for a duration of .4 seconds (started at 2024-04-03T16:08:07)
=== DBI Started: ODBCAPTURE/INSTALL_TYPE_TIMING.tab

Table created.

=== DBI Completed at 2024-04-03T16:08:08 for a duration of .06 seconds (started at 2024-04-03T16:08:08)
=== DBI Started: ODBCAPTURE/OBJECT_CONF.tab

Table created.


Table altered.


Table altered.


Comment created.


Comment created.


Comment created.


Comment created.


Comment created.


Comment created.

=== DBI Completed at 2024-04-03T16:08:08 for a duration of .33 seconds (started at 2024-04-03T16:08:08)
=== DBI Started: ODBCAPTURE/OBJ_INSTALL_COMMENTS_TAB.tab

Table created.

=== DBI Completed at 2024-04-03T16:08:08 for a duration of .06 seconds (started at 2024-04-03T16:08:08)
=== DBI Started: ODBCAPTURE/OBJ_INSTALL_CONTEXT_TAB.tab

Table created.

=== DBI Completed at 2024-04-03T16:08:08 for a duration of .06 seconds (started at 2024-04-03T16:08:08)
=== DBI Started: ODBCAPTURE/OBJ_INSTALL_DATA_LOAD_TAB.tab

Table created.

=== DBI Completed at 2024-04-03T16:08:08 for a duration of .07 seconds (started at 2024-04-03T16:08:08)
=== DBI Started: ODBCAPTURE/OBJ_INSTALL_FKEY_TAB.tab

Table created.

=== DBI Completed at 2024-04-03T16:08:08 for a duration of .07 seconds (started at 2024-04-03T16:08:08)
=== DBI Started: ODBCAPTURE/OBJ_INSTALL_INDEX_TAB.tab

Table created.

=== DBI Completed at 2024-04-03T16:08:08 for a duration of .06 seconds (started at 2024-04-03T16:08:08)
=== DBI Started: ODBCAPTURE/OBJ_INSTALL_OBJECT_TAB.tab

Table created.

=== DBI Completed at 2024-04-03T16:08:09 for a duration of .08 seconds (started at 2024-04-03T16:08:08)
=== DBI Started: ODBCAPTURE/OBJ_INSTALL_SYNONYM_TAB.tab

Table created.

=== DBI Completed at 2024-04-03T16:08:09 for a duration of .07 seconds (started at 2024-04-03T16:08:09)
=== DBI Started: ODBCAPTURE/OBJ_INSTALL_TRIGGER_TAB.tab

Table created.

=== DBI Completed at 2024-04-03T16:08:09 for a duration of .06 seconds (started at 2024-04-03T16:08:09)
=== DBI Started: ODBCAPTURE/OTYPE_CONF.tab

Table created.


Table altered.


Table altered.


Comment created.


Comment created.


Comment created.


Comment created.


Comment created.


Comment created.


Comment created.


Comment created.


Comment created.

=== DBI Completed at 2024-04-03T16:08:09 for a duration of .36 seconds (started at 2024-04-03T16:08:09)
=== DBI Started: ODBCAPTURE/ROLE_CONF.tab

Table created.


Table altered.


Comment created.


Comment created.


Comment created.


Comment created.

=== DBI Completed at 2024-04-03T16:08:10 for a duration of .49 seconds (started at 2024-04-03T16:08:09)
=== DBI Started: ODBCAPTURE/SCHEMA_CONF.tab

Table created.


Table altered.


Table altered.


Table altered.


Comment created.


Comment created.


Comment created.


Comment created.


Comment created.


Comment created.

=== DBI Completed at 2024-04-03T16:08:10 for a duration of .33 seconds (started at 2024-04-03T16:08:10)
=== DBI Started: ODBCAPTURE/TYPE_CONF.tab

Table created.


Table altered.


Table altered.


Comment created.


Comment created.


Comment created.

=== DBI Completed at 2024-04-03T16:08:10 for a duration of .25 seconds (started at 2024-04-03T16:08:10)
=== DBI Started: ODBCAPTURE/ZIP_FILES.tab

Table created.


Table altered.

=== DBI Completed at 2024-04-03T16:08:10 for a duration of .12 seconds (started at 2024-04-03T16:08:10)
=== DBI Started: ODBCAPTURE/ZX_OBJ_INSTALL_TAB.tab

Table created.

=== DBI Completed at 2024-04-03T16:08:10 for a duration of .07 seconds (started at 2024-04-03T16:08:10)
=== DBI Started: ODBCAPTURE/ZX_PRIV_ALL_TAB.tab

Table created.

=== DBI Completed at 2024-04-03T16:08:10 for a duration of .07 seconds (started at 2024-04-03T16:08:10)
=== DBI Started: ODBCAPTURE/DLOAD_CONF.cdl

Disable Triggers and Foreign Keys

PL/SQL procedure successfully completed.


sqlldr_control=ODBCAPTURE/DLOAD_CONF.ctl

  6 Rows successfully loaded.


PL/SQL procedure successfully completed.

=== DBI Completed at 2024-04-03T16:08:12 for a duration of 1.95 seconds (started at 2024-04-03T16:08:11)
=== DBI Started: ODBCAPTURE/OBJECT_CONF.cdl

Disable Triggers and Foreign Keys

PL/SQL procedure successfully completed.


sqlldr_control=ODBCAPTURE/OBJECT_CONF.ctl

  0 Rows successfully loaded.


PL/SQL procedure successfully completed.

=== DBI Completed at 2024-04-03T16:08:14 for a duration of 2 seconds (started at 2024-04-03T16:08:12)
=== DBI Started: ODBCAPTURE/OTYPE_CONF.cdl

Disable Triggers and Foreign Keys

PL/SQL procedure successfully completed.


sqlldr_control=ODBCAPTURE/OTYPE_CONF.ctl

  35 Rows successfully loaded.


PL/SQL procedure successfully completed.

=== DBI Completed at 2024-04-03T16:08:17 for a duration of 2.34 seconds (started at 2024-04-03T16:08:14)
=== DBI Started: ODBCAPTURE/ROLE_CONF.cdl

Disable Triggers and Foreign Keys

PL/SQL procedure successfully completed.


sqlldr_control=ODBCAPTURE/ROLE_CONF.ctl

  105 Rows successfully loaded.


PL/SQL procedure successfully completed.

=== DBI Completed at 2024-04-03T16:08:19 for a duration of 2.03 seconds (started at 2024-04-03T16:08:17)
=== DBI Started: ODBCAPTURE/SCHEMA_CONF.cdl

Disable Triggers and Foreign Keys

PL/SQL procedure successfully completed.


sqlldr_control=ODBCAPTURE/SCHEMA_CONF.ctl

  9 Rows successfully loaded.


PL/SQL procedure successfully completed.

=== DBI Completed at 2024-04-03T16:08:21 for a duration of 2 seconds (started at 2024-04-03T16:08:19)
=== DBI Started: ODBCAPTURE/TYPE_CONF.cdl

Disable Triggers and Foreign Keys

PL/SQL procedure successfully completed.


sqlldr_control=ODBCAPTURE/TYPE_CONF.ctl

  3 Rows successfully loaded.


PL/SQL procedure successfully completed.

=== DBI Completed at 2024-04-03T16:08:23 for a duration of 1.96 seconds (started at 2024-04-03T16:08:21)
=== DBI Started: ODBCAPTURE/DBA_DEPENDENCIES_TAB.tabind

Index created.


Index created.

=== DBI Completed at 2024-04-03T16:08:23 for a duration of .12 seconds (started at 2024-04-03T16:08:23)
=== DBI Started: ODBCAPTURE/DBA_OBJECTS_TAB.tabind

Index created.

=== DBI Completed at 2024-04-03T16:08:23 for a duration of .23 seconds (started at 2024-04-03T16:08:23)
=== DBI Started: ODBCAPTURE/DBA_TAB_PRIVS_TAB.tabind

Index created.

=== DBI Completed at 2024-04-03T16:08:23 for a duration of .18 seconds (started at 2024-04-03T16:08:23)
=== DBI Started: ODBCAPTURE/OBJ_INSTALL_COMMENTS_TAB.tabind

Index created.

=== DBI Completed at 2024-04-03T16:08:23 for a duration of .07 seconds (started at 2024-04-03T16:08:23)
=== DBI Started: ODBCAPTURE/OBJ_INSTALL_CONTEXT_TAB.tabind

Index created.

=== DBI Completed at 2024-04-03T16:08:24 for a duration of .06 seconds (started at 2024-04-03T16:08:23)
=== DBI Started: ODBCAPTURE/OBJ_INSTALL_DATA_LOAD_TAB.tabind

Index created.

=== DBI Completed at 2024-04-03T16:08:24 for a duration of .06 seconds (started at 2024-04-03T16:08:24)
=== DBI Started: ODBCAPTURE/OBJ_INSTALL_FKEY_TAB.tabind

Index created.

=== DBI Completed at 2024-04-03T16:08:24 for a duration of .07 seconds (started at 2024-04-03T16:08:24)
=== DBI Started: ODBCAPTURE/OBJ_INSTALL_INDEX_TAB.tabind

Index created.

=== DBI Completed at 2024-04-03T16:08:24 for a duration of .06 seconds (started at 2024-04-03T16:08:24)
=== DBI Started: ODBCAPTURE/OBJ_INSTALL_OBJECT_TAB.tabind

Index created.

=== DBI Completed at 2024-04-03T16:08:24 for a duration of .07 seconds (started at 2024-04-03T16:08:24)
=== DBI Started: ODBCAPTURE/OBJ_INSTALL_SYNONYM_TAB.tabind

Index created.


Index created.

=== DBI Completed at 2024-04-03T16:08:24 for a duration of .11 seconds (started at 2024-04-03T16:08:24)
=== DBI Started: ODBCAPTURE/OBJ_INSTALL_TRIGGER_TAB.tabind

Index created.


Index created.

=== DBI Completed at 2024-04-03T16:08:24 for a duration of .15 seconds (started at 2024-04-03T16:08:24)
=== DBI Started: ODBCAPTURE/ZX_OBJ_INSTALL_TAB.tabind

Index created.

=== DBI Completed at 2024-04-03T16:08:24 for a duration of .07 seconds (started at 2024-04-03T16:08:24)
=== DBI Started: ODBCAPTURE/ZX_PRIV_ALL_TAB.tabind

Index created.

=== DBI Completed at 2024-04-03T16:08:24 for a duration of .07 seconds (started at 2024-04-03T16:08:24)
=== DBI Started: ODBCAPTURE/AQ_SYSTEM_PRIVS_VW.vw

View created.


View created.

=== DBI Completed at 2024-04-03T16:08:24 for a duration of .1 seconds (started at 2024-04-03T16:08:24)
=== DBI Started: ODBCAPTURE/DBA_DEPENDENCIES_VIEW.vw

View created.


View created.

=== DBI Completed at 2024-04-03T16:08:25 for a duration of .13 seconds (started at 2024-04-03T16:08:24)
=== DBI Started: ODBCAPTURE/DBA_OBJECTS_VIEW.vw

View created.


View created.

=== DBI Completed at 2024-04-03T16:08:25 for a duration of .24 seconds (started at 2024-04-03T16:08:25)
=== DBI Started: ODBCAPTURE/DBA_TAB_PRIVS_VIEW.vw

View created.


Warning: View created with compilation errors.

=== DBI Completed at 2024-04-03T16:08:25 for a duration of .09 seconds (started at 2024-04-03T16:08:25)
=== DBI Started: ODBCAPTURE/OBJ_INSTALL_COMMENTS_VIEW.vw

View created.


Warning: View created with compilation errors.

=== DBI Completed at 2024-04-03T16:08:25 for a duration of .15 seconds (started at 2024-04-03T16:08:25)
=== DBI Started: ODBCAPTURE/OBJ_INSTALL_CONTEXT_VIEW.vw

View created.


View created.

=== DBI Completed at 2024-04-03T16:08:25 for a duration of .14 seconds (started at 2024-04-03T16:08:25)
=== DBI Started: ODBCAPTURE/OBJ_INSTALL_DATA_LOAD_VIEW.vw

View created.


View created.

=== DBI Completed at 2024-04-03T16:08:25 for a duration of .09 seconds (started at 2024-04-03T16:08:25)
=== DBI Started: ODBCAPTURE/OBJ_INSTALL_FKEY_VIEW.vw

View created.


View created.

=== DBI Completed at 2024-04-03T16:08:25 for a duration of .13 seconds (started at 2024-04-03T16:08:25)
=== DBI Started: ODBCAPTURE/OBJ_INSTALL_INDEX_VIEW.vw

View created.


View created.

=== DBI Completed at 2024-04-03T16:08:26 for a duration of .11 seconds (started at 2024-04-03T16:08:25)
=== DBI Started: ODBCAPTURE/OBJ_INSTALL_OBJECT_VIEW.vw

View created.


View created.

=== DBI Completed at 2024-04-03T16:08:26 for a duration of .15 seconds (started at 2024-04-03T16:08:26)
=== DBI Started: ODBCAPTURE/OBJ_INSTALL_SYNONYM_VIEW.vw

View created.


View created.

=== DBI Completed at 2024-04-03T16:08:26 for a duration of .1 seconds (started at 2024-04-03T16:08:26)
=== DBI Started: ODBCAPTURE/OBJ_INSTALL_TRIGGER_VIEW.vw

View created.


View created.

=== DBI Completed at 2024-04-03T16:08:26 for a duration of .14 seconds (started at 2024-04-03T16:08:26)
=== DBI Started: ODBCAPTURE/PRIV_OBJ_DIR_VIEW.vw

View created.


Warning: View created with compilation errors.

=== DBI Completed at 2024-04-03T16:08:26 for a duration of .12 seconds (started at 2024-04-03T16:08:26)
=== DBI Started: ODBCAPTURE/PRIV_OBJ_INSTALL_VW.vw

View created.


Warning: View created with compilation errors.

=== DBI Completed at 2024-04-03T16:08:26 for a duration of .11 seconds (started at 2024-04-03T16:08:26)
=== DBI Started: ODBCAPTURE/PRIV_OBJ_JAVA_FG_VIEW.vw

View created.


Warning: View created with compilation errors.

=== DBI Completed at 2024-04-03T16:08:26 for a duration of .13 seconds (started at 2024-04-03T16:08:26)
=== DBI Started: ODBCAPTURE/PRIV_OBJ_QUEUE_VIEW.vw

View created.


Warning: View created with compilation errors.

=== DBI Completed at 2024-04-03T16:08:27 for a duration of .17 seconds (started at 2024-04-03T16:08:26)
=== DBI Started: ODBCAPTURE/PRIV_OBJ_XDBACL_VIEW.vw

View created.


Warning: View created with compilation errors.

=== DBI Completed at 2024-04-03T16:08:27 for a duration of .12 seconds (started at 2024-04-03T16:08:27)
=== DBI Started: ODBCAPTURE/PRIV_QUEUE_REGISTER_VIEW.vw

View created.


Warning: View created with compilation errors.

=== DBI Completed at 2024-04-03T16:08:27 for a duration of .11 seconds (started at 2024-04-03T16:08:27)
=== DBI Started: ODBCAPTURE/PRIV_QUEUE_SUBSCRIBE_VIEW.vw

View created.


Warning: View created with compilation errors.

=== DBI Completed at 2024-04-03T16:08:27 for a duration of .12 seconds (started at 2024-04-03T16:08:27)
=== DBI Started: ODBCAPTURE/PRIV_QUEUE_SYSPRIVS_VIEW.vw

View created.


Warning: View created with compilation errors.

=== DBI Completed at 2024-04-03T16:08:27 for a duration of .1 seconds (started at 2024-04-03T16:08:27)
=== DBI Started: ODBCAPTURE/PRIV_ROLE_PRIVILEGES_VIEW.vw

View created.


Warning: View created with compilation errors.

=== DBI Completed at 2024-04-03T16:08:27 for a duration of .13 seconds (started at 2024-04-03T16:08:27)
=== DBI Started: ODBCAPTURE/PRIV_SYSOBJ_PRIVILEGES_VIEW.vw

View created.


View created.

=== DBI Completed at 2024-04-03T16:08:27 for a duration of .13 seconds (started at 2024-04-03T16:08:27)
=== DBI Started: ODBCAPTURE/PRIV_SYSTEM_PRIVILEGES_VIEW.vw

View created.


Warning: View created with compilation errors.

=== DBI Completed at 2024-04-03T16:08:27 for a duration of .13 seconds (started at 2024-04-03T16:08:27)
=== DBI Started: ODBCAPTURE/SCHEMA_OBJECTS_VW.vw

View created.


View created.


Comment created.


Comment created.


Comment created.


Comment created.


Comment created.

=== DBI Completed at 2024-04-03T16:08:28 for a duration of .21 seconds (started at 2024-04-03T16:08:28)
=== DBI Started: ODBCAPTURE/UOR_INSTALL_VIEW.vw

View created.


View created.

=== DBI Completed at 2024-04-03T16:08:28 for a duration of .09 seconds (started at 2024-04-03T16:08:28)
=== DBI Started: ODBCAPTURE/ZX_OBJ_INSTALL_VIEW.vw

View created.


View created.

=== DBI Completed at 2024-04-03T16:08:28 for a duration of .1 seconds (started at 2024-04-03T16:08:28)
=== DBI Started: ODBCAPTURE/ZX_PRIV_ALL_VIEW.vw

View created.


View created.

=== DBI Completed at 2024-04-03T16:08:28 for a duration of .23 seconds (started at 2024-04-03T16:08:28)
=== DBI Started: ODBCAPTURE/COMMON_UTIL.pbody

Package body created.

=== DBI Completed at 2024-04-03T16:08:28 for a duration of .14 seconds (started at 2024-04-03T16:08:28)
=== DBI Started: ODBCAPTURE/GRAB_SCRIPTS.pbody

Package body created.

=== DBI Completed at 2024-04-03T16:08:29 for a duration of .89 seconds (started at 2024-04-03T16:08:28)
=== DBI Started: ODBCAPTURE/ROOT_SCRIPTS.pbody

Package body created.

=== DBI Completed at 2024-04-03T16:08:29 for a duration of .1 seconds (started at 2024-04-03T16:08:29)
=== DBI Started: ODBCAPTURE/ZIP_UTIL_PKG.pbody

Package body created.

=== DBI Completed at 2024-04-03T16:08:29 for a duration of .13 seconds (started at 2024-04-03T16:08:29)
=== DBI Started: ODBCAPTURE/DLOAD_CONF.tabfk

Table altered.


Table altered.

=== DBI Completed at 2024-04-03T16:08:30 for a duration of .14 seconds (started at 2024-04-03T16:08:30)
=== DBI Started: ODBCAPTURE/OBJECT_CONF.tabfk

Table altered.


Table altered.


Table altered.

=== DBI Completed at 2024-04-03T16:08:30 for a duration of .2 seconds (started at 2024-04-03T16:08:30)
=== DBI Started: ODBCAPTURE/ROLE_CONF.tabfk

Table altered.

=== DBI Completed at 2024-04-03T16:08:30 for a duration of .07 seconds (started at 2024-04-03T16:08:30)
=== DBI Started: ODBCAPTURE/SCHEMA_CONF.tabfk

Table altered.

=== DBI Completed at 2024-04-03T16:08:30 for a duration of .07 seconds (started at 2024-04-03T16:08:30)
=== DBI Started: ODBCAPTURE/TYPE_CONF.tabfk

Table altered.

=== DBI Completed at 2024-04-03T16:08:30 for a duration of .07 seconds (started at 2024-04-03T16:08:30)
=== DBI Started: ./installation_finalize.sql

Drop_Temp_Publicly_Updateable_Table_SQL

Table dropped.


alter_foreign_keys_ENABLE
Alter Foreign Keys for grbsrc Install Type
alter table "ODBCAPTURE"."DLOAD_CONF" ENABLE constraint "DLOAD_CONF_FK1";
alter table "ODBCAPTURE"."DLOAD_CONF" ENABLE constraint "DLOAD_CONF_FK2";
alter table "ODBCAPTURE"."OBJECT_CONF" ENABLE constraint "OBJECT_CONF_FK1";
alter table "ODBCAPTURE"."OBJECT_CONF" ENABLE constraint "OBJECT_CONF_FK2";
alter table "ODBCAPTURE"."OBJECT_CONF" ENABLE constraint "OBJECT_CONF_FK3";
alter table "ODBCAPTURE"."ROLE_CONF" ENABLE constraint "ROLE_CONF_FK1";
alter table "ODBCAPTURE"."SCHEMA_CONF" ENABLE constraint "SCHEMA_CONF_FK1";
alter table "ODBCAPTURE"."TYPE_CONF" ENABLE constraint "TYPE_CONF_FK1";
-- ODBCAPTURE Alter Foreign Keys is done.

PL/SQL procedure successfully completed.


alter_triggers_ENABLE
Alter Triggers for grbsrc Install Type
-- ODBCAPTURE Alter Triggers is done.

PL/SQL procedure successfully completed.


update_id_sequences
Update ID Sequences for grbsrc Install Type
-- ODBCAPTURE Identity Sequence Updates is done.

PL/SQL procedure successfully completed.


Load Installation Files

Confirm/Create odbcapture_installation_logs Table

PL/SQL procedure successfully completed.


sqlldr_control=./odbcapture_installation_logs.ctl

  9 Rows successfully loaded.


PL/SQL procedure successfully completed.


compile_all
Compile All for grbsrc Install Type
-- ODBCAPTURE Compile All is done.

PL/SQL procedure successfully completed.

=== DBI Completed at 2024-04-03T16:08:34 for a duration of 4.21 seconds (started at 2024-04-03T16:08:30)

*****************
*  Run Reports	*
*****************


Reporting Summary of Install Type Log Errors
Processing file ODBCAPTURE/DLOAD_CONF.log (2024-04-03 16:08:31)
Processing file ODBCAPTURE/OBJECT_CONF.log (2024-04-03 16:08:31)
Processing file ODBCAPTURE/OTYPE_CONF.log (2024-04-03 16:08:31)
Processing file ODBCAPTURE/ROLE_CONF.log (2024-04-03 16:08:31)
Processing file ODBCAPTURE/SCHEMA_CONF.log (2024-04-03 16:08:31)
Processing file ODBCAPTURE/TYPE_CONF.log (2024-04-03 16:08:31)
Processing file install_grbsrc.log (2024-04-03 16:08:31)
Processing file install_sys.log (2024-04-03 16:08:31)
Processing file install_system.log (2024-04-03 16:08:31)

PL/SQL procedure successfully completed.


Reporting Invalid Objects

Reporting JUnit XML Database Build Status

Reorting JUnit XML Installation Log

"grbsrc" Installation is Done.
old   2:    values ('&INSTALL_TYPE.', '&APP_VERSION.', 'INSTALL')
new   2:    values ('grbsrc', '1.003', 'INSTALL')

1 row created.


Commit complete.


Re-create Invalid Public Synonyms

PL/SQL procedure successfully completed.

Disconnected from Oracle Database 21c Enterprise Edition Release 21.0.0.0.0 - Production
Version 21.3.0.0.0

Move Log Files to Build Folder
'db_build_junit_report.xml' -> '../builds/OraEE213_AP212_ORDS222/grbsrc/db_build_junit_report.xml'
'install_grbsrc.log' -> '../builds/OraEE213_AP212_ORDS222/grbsrc/install_grbsrc.log'
'install_sys.log' -> '../builds/OraEE213_AP212_ORDS222/grbsrc/install_sys.log'
'install_system.log' -> '../builds/OraEE213_AP212_ORDS222/grbsrc/install_system.log'
'log_files_junit_report.xml' -> '../builds/OraEE213_AP212_ORDS222/grbsrc/log_files_junit_report.xml'
'odbcapture_installation_logs.log' -> '../builds/OraEE213_AP212_ORDS222/grbsrc/odbcapture_installation_logs.log'
'ODBCAPTURE/DLOAD_CONF.log' -> '../builds/OraEE213_AP212_ORDS222/grbsrc/ODBCAPTURE/DLOAD_CONF.log'
'ODBCAPTURE/OBJECT_CONF.log' -> '../builds/OraEE213_AP212_ORDS222/grbsrc/ODBCAPTURE/OBJECT_CONF.log'
'ODBCAPTURE/OTYPE_CONF.log' -> '../builds/OraEE213_AP212_ORDS222/grbsrc/ODBCAPTURE/OTYPE_CONF.log'
'ODBCAPTURE/ROLE_CONF.log' -> '../builds/OraEE213_AP212_ORDS222/grbsrc/ODBCAPTURE/ROLE_CONF.log'
'ODBCAPTURE/SCHEMA_CONF.log' -> '../builds/OraEE213_AP212_ORDS222/grbsrc/ODBCAPTURE/SCHEMA_CONF.log'
'ODBCAPTURE/TYPE_CONF.log' -> '../builds/OraEE213_AP212_ORDS222/grbsrc/ODBCAPTURE/TYPE_CONF.log'

Move back to /opt/DMSTEX_dev/wtPLSQL/builds/OraEE213_AP212_ORDS222

Clear old wtpgrb logs

Move to ../../wtpgrb

../builds/OraEE213_AP212_ORDS222/build.sql wtpgrb

SQL*Plus: Release 21.0.0.0.0 - Production on Wed Apr 3 16:08:36 2024
Version 21.3.0.0.0

Copyright (c) 1982, 2021, Oracle.  All rights reserved.


New Session
Connected.

Reset Output Connections

PL/SQL procedure successfully completed.

Elapsed: 00:00:00.00

PL/SQL procedure successfully completed.

Elapsed: 00:00:00.01

Show Database Connection

'DB:'||NAME||',CON:'||SYS_CONTEXT('USERENV','CON_NAME')||',TSTMP:'||SYSTIMESTAMP
----------------------------------------------------------------------------------------------------------------------------------------------------------------------------------------------------------------------------------------------------------------------------------------------------------------------------------------------------------------------
db: EE213CDB, con: DEVPDB, tstmp: 03-APR-24 04.08.36.855028 PM +00:00

Elapsed: 00:00:00.00

PL/SQL procedure successfully completed.

Identify this Module in V$SESSION
Setup Abort on Error

**************************
*  Run SYS Installation  *
**************************

Setup Continue on Error

*****************************
*  Run SYSTEM Installation  *
*****************************

Connected.

PL/SQL procedure successfully completed.


*************************
*  Install Application	*
*************************

=== DBI Started: ./installation_prepare.sql

Create_Temp_Publicly_Updateable_Table_SQL

Table created.


Grant succeeded.

=== DBI Completed at 2024-04-03T16:08:37 for a duration of .13 seconds (started at 2024-04-03T16:08:37)
=== DBI Started: ODBCAPTURE/DLOAD_CONF.cdl

Disable Triggers and Foreign Keys
alter table "ODBCAPTURE"."DLOAD_CONF" DISABLE constraint "DLOAD_CONF_FK1";
alter table "ODBCAPTURE"."DLOAD_CONF" DISABLE constraint "DLOAD_CONF_FK2";

PL/SQL procedure successfully completed.


sqlldr_control=ODBCAPTURE/DLOAD_CONF.ctl

  8 Rows successfully loaded.


PL/SQL procedure successfully completed.

=== DBI Completed at 2024-04-03T16:08:38 for a duration of 1.3 seconds (started at 2024-04-03T16:08:37)
=== DBI Started: ODBCAPTURE/OBJECT_CONF.cdl

Disable Triggers and Foreign Keys
alter table "ODBCAPTURE"."OBJECT_CONF" DISABLE constraint "OBJECT_CONF_FK1";
alter table "ODBCAPTURE"."OBJECT_CONF" DISABLE constraint "OBJECT_CONF_FK2";
alter table "ODBCAPTURE"."OBJECT_CONF" DISABLE constraint "OBJECT_CONF_FK3";

PL/SQL procedure successfully completed.


sqlldr_control=ODBCAPTURE/OBJECT_CONF.ctl

  10 Rows successfully loaded.


PL/SQL procedure successfully completed.

=== DBI Completed at 2024-04-03T16:08:40 for a duration of 1.27 seconds (started at 2024-04-03T16:08:38)
=== DBI Started: ODBCAPTURE/ROLE_CONF.cdl

Disable Triggers and Foreign Keys
alter table "ODBCAPTURE"."ROLE_CONF" DISABLE constraint "ROLE_CONF_FK1";

PL/SQL procedure successfully completed.


sqlldr_control=ODBCAPTURE/ROLE_CONF.ctl

  0 Rows successfully loaded.


PL/SQL procedure successfully completed.

=== DBI Completed at 2024-04-03T16:08:41 for a duration of 1.28 seconds (started at 2024-04-03T16:08:40)
=== DBI Started: ODBCAPTURE/SCHEMA_CONF.cdl

Disable Triggers and Foreign Keys
alter table "ODBCAPTURE"."SCHEMA_CONF" DISABLE constraint "SCHEMA_CONF_FK1";

PL/SQL procedure successfully completed.


sqlldr_control=ODBCAPTURE/SCHEMA_CONF.ctl

  1 Row successfully loaded.


PL/SQL procedure successfully completed.

=== DBI Completed at 2024-04-03T16:08:42 for a duration of 1.24 seconds (started at 2024-04-03T16:08:41)
=== DBI Started: ODBCAPTURE/TYPE_CONF.cdl

Disable Triggers and Foreign Keys
alter table "ODBCAPTURE"."TYPE_CONF" DISABLE constraint "TYPE_CONF_FK1";

PL/SQL procedure successfully completed.


sqlldr_control=ODBCAPTURE/TYPE_CONF.ctl

  5 Rows successfully loaded.


PL/SQL procedure successfully completed.

=== DBI Completed at 2024-04-03T16:08:44 for a duration of 1.3 seconds (started at 2024-04-03T16:08:42)
=== DBI Started: ./installation_finalize.sql

Drop_Temp_Publicly_Updateable_Table_SQL

Table dropped.


alter_foreign_keys_ENABLE
Alter Foreign Keys for wtpgrb Install Type
alter table "ODBCAPTURE"."DLOAD_CONF" ENABLE constraint "DLOAD_CONF_FK1";
alter table "ODBCAPTURE"."DLOAD_CONF" ENABLE constraint "DLOAD_CONF_FK2";
alter table "ODBCAPTURE"."OBJECT_CONF" ENABLE constraint "OBJECT_CONF_FK1";
alter table "ODBCAPTURE"."OBJECT_CONF" ENABLE constraint "OBJECT_CONF_FK2";
alter table "ODBCAPTURE"."OBJECT_CONF" ENABLE constraint "OBJECT_CONF_FK3";
alter table "ODBCAPTURE"."ROLE_CONF" ENABLE constraint "ROLE_CONF_FK1";
alter table "ODBCAPTURE"."SCHEMA_CONF" ENABLE constraint "SCHEMA_CONF_FK1";
alter table "ODBCAPTURE"."TYPE_CONF" ENABLE constraint "TYPE_CONF_FK1";
-- ODBCAPTURE Alter Foreign Keys is done.

PL/SQL procedure successfully completed.


alter_triggers_ENABLE
Alter Triggers for wtpgrb Install Type
-- ODBCAPTURE Alter Triggers is done.

PL/SQL procedure successfully completed.


update_id_sequences
Update ID Sequences for wtpgrb Install Type
-- ODBCAPTURE Identity Sequence Updates is done.

PL/SQL procedure successfully completed.


Load Installation Files

Confirm/Create odbcapture_installation_logs Table

PL/SQL procedure successfully completed.


sqlldr_control=./odbcapture_installation_logs.ctl

  8 Rows successfully loaded.


PL/SQL procedure successfully completed.


compile_all
Compile All for wtpgrb Install Type
-- ODBCAPTURE Compile All is done.

PL/SQL procedure successfully completed.

=== DBI Completed at 2024-04-03T16:08:46 for a duration of 2.74 seconds (started at 2024-04-03T16:08:44)

*****************
*  Run Reports	*
*****************


Reporting Summary of Install Type Log Errors
Processing file ODBCAPTURE/DLOAD_CONF.log (2024-04-03 16:08:45)
Processing file ODBCAPTURE/OBJECT_CONF.log (2024-04-03 16:08:45)
Processing file ODBCAPTURE/ROLE_CONF.log (2024-04-03 16:08:45)
Processing file ODBCAPTURE/SCHEMA_CONF.log (2024-04-03 16:08:45)
Processing file ODBCAPTURE/TYPE_CONF.log (2024-04-03 16:08:45)
Processing file install_sys.log (2024-04-03 16:08:45)
Processing file install_system.log (2024-04-03 16:08:45)
Processing file install_wtpgrb.log (2024-04-03 16:08:45)

PL/SQL procedure successfully completed.


Reporting Invalid Objects

Reporting JUnit XML Database Build Status

Reorting JUnit XML Installation Log

"wtpgrb" Installation is Done.
old   2:    values ('&INSTALL_TYPE.', '&APP_VERSION.', 'INSTALL')
new   2:    values ('wtpgrb', '1.003', 'INSTALL')

1 row created.


Commit complete.


Re-create Invalid Public Synonyms

PL/SQL procedure successfully completed.

Disconnected from Oracle Database 21c Enterprise Edition Release 21.0.0.0.0 - Production
Version 21.3.0.0.0

Move Log Files to Build Folder
'db_build_junit_report.xml' -> '../builds/OraEE213_AP212_ORDS222/wtpgrb/db_build_junit_report.xml'
'install_sys.log' -> '../builds/OraEE213_AP212_ORDS222/wtpgrb/install_sys.log'
'install_system.log' -> '../builds/OraEE213_AP212_ORDS222/wtpgrb/install_system.log'
'install_wtpgrb.log' -> '../builds/OraEE213_AP212_ORDS222/wtpgrb/install_wtpgrb.log'
'log_files_junit_report.xml' -> '../builds/OraEE213_AP212_ORDS222/wtpgrb/log_files_junit_report.xml'
'odbcapture_installation_logs.log' -> '../builds/OraEE213_AP212_ORDS222/wtpgrb/odbcapture_installation_logs.log'
'ODBCAPTURE/DLOAD_CONF.log' -> '../builds/OraEE213_AP212_ORDS222/wtpgrb/ODBCAPTURE/DLOAD_CONF.log'
'ODBCAPTURE/OBJECT_CONF.log' -> '../builds/OraEE213_AP212_ORDS222/wtpgrb/ODBCAPTURE/OBJECT_CONF.log'
'ODBCAPTURE/ROLE_CONF.log' -> '../builds/OraEE213_AP212_ORDS222/wtpgrb/ODBCAPTURE/ROLE_CONF.log'
'ODBCAPTURE/SCHEMA_CONF.log' -> '../builds/OraEE213_AP212_ORDS222/wtpgrb/ODBCAPTURE/SCHEMA_CONF.log'
'ODBCAPTURE/TYPE_CONF.log' -> '../builds/OraEE213_AP212_ORDS222/wtpgrb/ODBCAPTURE/TYPE_CONF.log'

Move back to /opt/DMSTEX_dev/wtPLSQL/builds/OraEE213_AP212_ORDS222
