
  wtPLSQL wtpsrc 1.003, wtptst 1.003, wtpsav 1.003
  Start Date/Time: 15-Apr-2024 01:43:27 AM
  Test Results for WTP.CORE_DATA
  Database Object Under Test is PACKAGE BODY WTP.CORE_DATA
  ------------------------------------------------------------------
  Minimum Elapsed msec:          0      Total Assertions:         64
  Average Elapsed msec:          0     Failed Assertions:          0
  Maximum Elapsed msec:          3       Total Testcases:          9
  Total Run Time (sec):        0.6      Failed Testcases:          0
                                          Testcase Yield:        100%


  wtPLSQL wtpsrc 1.003, wtptst 1.003, wtpsav 1.003
  Start Date/Time: 15-Apr-2024 01:43:28 AM
  Test Results for WTP.HOOK
  Database Object Under Test is PACKAGE BODY WTP.HOOK
  ------------------------------------------------------------------
  Minimum Elapsed msec:          0      Total Assertions:         23
  Average Elapsed msec:          2     Failed Assertions:          0
  Maximum Elapsed msec:         10       Total Testcases:          5
  Total Run Time (sec):        0.2      Failed Testcases:          0
                                          Testcase Yield:        100%


  wtPLSQL wtpsrc 1.003, wtptst 1.003, wtpsav 1.003
  Start Date/Time: 15-Apr-2024 01:43:28 AM
  Test Results for WTP.WTPLSQL
  ------------------------------------------------------------------
  Minimum Elapsed msec:          0      Total Assertions:         33
  Average Elapsed msec:         16     Failed Assertions:          0
  Maximum Elapsed msec:        138       Total Testcases:         16
  Total Run Time (sec):        0.5      Failed Testcases:          0
                                          Testcase Yield:        100%


  wtPLSQL wtpsrc 1.003, wtptst 1.003, wtpsav 1.003
  Start Date/Time: 15-Apr-2024 01:43:28 AM
  Test Results for WTP.WT_ASSERT
  Database Object Under Test is PACKAGE BODY WTP.WT_ASSERT
  ------------------------------------------------------------------
  Minimum Elapsed msec:          0      Total Assertions:        414
  Average Elapsed msec:         22     Failed Assertions:          0
  Maximum Elapsed msec:       2892       Total Testcases:        152
  Total Run Time (sec):        9.2      Failed Testcases:          0
                                          Testcase Yield:        100%


  wtPLSQL wtpsrc 1.003, wtptst 1.003, wtpsav 1.003
  Start Date/Time: 15-Apr-2024 01:43:38 AM
  Test Results for WTP.WT_DBOUT
  Database Object Under Test is PACKAGE BODY WTP.WT_DBOUT
  ------------------------------------------------------------------
  Minimum Elapsed msec:          0      Total Assertions:         15
  Average Elapsed msec:          4     Failed Assertions:          0
  Maximum Elapsed msec:         26       Total Testcases:         12
  Total Run Time (sec):        0.7      Failed Testcases:          0
                                          Testcase Yield:        100%


  wtPLSQL wtpsrc 1.003, wtptst 1.003, wtpsav 1.003
  Start Date/Time: 15-Apr-2024 01:43:38 AM
  Test Results for WTP.WT_JOB
  Database Object Under Test is PACKAGE BODY WTP.WT_JOB
  ------------------------------------------------------------------
  Minimum Elapsed msec:          0      Total Assertions:         31
  Average Elapsed msec:        212     Failed Assertions:          0
  Maximum Elapsed msec:       1205       Total Testcases:          8
  Total Run Time (sec):        6.8      Failed Testcases:          0
                                          Testcase Yield:        100%


  wtPLSQL wtpsrc 1.003, wtptst 1.003, wtpsav 1.003
  Start Date/Time: 15-Apr-2024 01:43:45 AM
  Test Results for WTP.WT_PROFILE
  Database Object Under Test is PACKAGE BODY WTP.WT_PROFILE
  ------------------------------------------------------------------
  Minimum Elapsed msec:          0      Total Assertions:        302
  Average Elapsed msec:          9     Failed Assertions:          1
  Maximum Elapsed msec:        625       Total Testcases:         39
  Total Run Time (sec):        2.9      Failed Testcases:          1
                                          Testcase Yield:         97%

  WTP.WT_PROFILE Test Runner Details
  --------------------------------------------------------------
---***  Finalize Happy Path 2  ***----------------------------------------------
#FAIL#.028ms l_recTEST.profiler_runid. ISNOTNULL - Expected NOT NULL and got ""


  wtPLSQL wtpsrc 1.003, wtptst 1.003, wtpsav 1.003
  Start Date/Time: 15-Apr-2024 01:43:48 AM
  Test Results for WTP.WT_RESULT
  Database Object Under Test is PACKAGE BODY WTP.WT_RESULT
  ------------------------------------------------------------------
  Minimum Elapsed msec:          0      Total Assertions:         21
  Average Elapsed msec:          3     Failed Assertions:          0
  Maximum Elapsed msec:         35       Total Testcases:          3
  Total Run Time (sec):        0.2      Failed Testcases:          0
                                          Testcase Yield:        100%


  wtPLSQL wtpsrc 1.003, wtptst 1.003, wtpsav 1.003
  Start Date/Time: 15-Apr-2024 01:43:48 AM
  Test Results for WTP.WT_TESTCASE
  Database Object Under Test is PACKAGE BODY WTP.WT_TESTCASE
  ------------------------------------------------------------------
  Minimum Elapsed msec:          0      Total Assertions:         15
  Average Elapsed msec:          3     Failed Assertions:          0
  Maximum Elapsed msec:         37       Total Testcases:         12
  Total Run Time (sec):        0.2      Failed Testcases:          0
                                          Testcase Yield:        100%


  wtPLSQL wtpsrc 1.003, wtptst 1.003, wtpsav 1.003
  Start Date/Time: 15-Apr-2024 01:43:48 AM
  Test Results for WTP.WT_TEST_RUN
  Database Object Under Test is PACKAGE BODY WTP.WT_TEST_RUN
  ------------------------------------------------------------------
  Minimum Elapsed msec:          0      Total Assertions:         75
  Average Elapsed msec:          1     Failed Assertions:          0
  Maximum Elapsed msec:         19       Total Testcases:         18
  Total Run Time (sec):        0.2      Failed Testcases:          0
                                          Testcase Yield:        100%


  wtPLSQL wtpsrc 1.003, wtptst 1.003, wtpsav 1.003
  Start Date/Time: 15-Apr-2024 01:43:49 AM
  Test Results for WTP.WT_TEST_RUNNER
  Database Object Under Test is PACKAGE BODY WTP.WT_TEST_RUNNER
  ------------------------------------------------------------------
  Minimum Elapsed msec:          0      Total Assertions:         27
  Average Elapsed msec:          2     Failed Assertions:          0
  Maximum Elapsed msec:         26       Total Testcases:         16
  Total Run Time (sec):        0.4      Failed Testcases:          0
                                          Testcase Yield:        100%

