=== DBI Started: ./installation_prepare.sql

Create_Temp_Publicly_Updateable_Table_SQL

Table created.


Grant succeeded.

=== DBI Completed at 2024-04-14T15:49:20 for a duration of .09 seconds (started at 2024-04-14T15:49:20)
=== DBI Started: WTP/WT_SELF_TEST.tab

Table created.


Table altered.


Comment created.


Comment created.


Comment created.


Comment created.


Comment created.


Comment created.

=== DBI Completed at 2024-04-14T15:49:22 for a duration of 1.47 seconds (started at 2024-04-14T15:49:20)
=== DBI Started: WTP/WT_SELF_TEST.cdl

Disable Triggers and Foreign Keys

PL/SQL procedure successfully completed.


sqlldr_control=WTP/WT_SELF_TEST.ctl


PL/SQL procedure successfully completed.


PL/SQL procedure successfully completed.


Commit complete.

=== DBI Completed at 2024-04-14T15:49:26 for a duration of 4.44 seconds (started at 2024-04-14T15:49:22)
=== DBI Started: WTP/WT_SELF_TEST.tabtrg

Trigger created.


Trigger altered.

=== DBI Completed at 2024-04-14T15:49:26 for a duration of .11 seconds (started at 2024-04-14T15:49:26)
=== DBI Started: ./installation_finalize.sql

Drop_Temp_Publicly_Updateable_Table_SQL

Table dropped.


fix_invalid_public_synonyms

Re-create Invalid Public Synonyms

PL/SQL procedure successfully completed.


compile_all
Compile All for wtptst Install Type
-- WTP Compile All is done.

PL/SQL procedure successfully completed.


alter_foreign_keys_ENABLE
Alter Foreign Keys for wtptst Install Type
-- WTP Alter Foreign Keys is done.

PL/SQL procedure successfully completed.


alter_triggers_ENABLE
Alter Triggers for wtptst Install Type
alter trigger "WTP"."WT_SELF_TEST$TEST" ENABLE;
-- WTP Alter Triggers is done.

PL/SQL procedure successfully completed.


update_id_sequences
Update ID Sequences for wtptst Install Type
-- WTP Identity Sequence Updates is done.

PL/SQL procedure successfully completed.


Load Installation Files

Confirm/Create odbcapture_installation_logs Table

PL/SQL procedure successfully completed.


sqlldr_control=./odbcapture_installation_logs.ctl


PL/SQL procedure successfully completed.

=== DBI Completed at 2024-04-14T15:49:29 for a duration of 2.57 seconds (started at 2024-04-14T15:49:26)
