.
SQL> -- Running Common Setup
SQL> set define "&"
SQL> set concat "."
SQL> define schema_owner="wtp"
SQL> define demo_owner="wtp_demo"
SQL> define connect_string=""
SQL> -- Common Setup Done.
SQL> set echo off
.

Connect as SCHEMA_OWNER
Connected.
old   2:    if USER != upper('&schema_owner')
new   2:    if USER != upper('wtp')
old   5:         'Not logged in as &schema_owner');
new   5:         'Not logged in as wtp');

PL/SQL procedure successfully completed.


Run Oracle's Profiler Table Installation
Note1: Tables converted to Global Temporary
Note2: Includes "Drop Table" and "Drop Sequence" statements
drop table plsql_profiler_data cascade constraints
           *
ERROR at line 1:
ORA-00942: table or view does not exist 


drop table plsql_profiler_units cascade constraints
           *
ERROR at line 1:
ORA-00942: table or view does not exist 


drop table plsql_profiler_runs cascade constraints
           *
ERROR at line 1:
ORA-00942: table or view does not exist 


drop sequence plsql_profiler_runnumber
              *
ERROR at line 1:
ORA-02289: sequence does not exist 



Table created.


Comment created.


Table created.


Comment created.


Table created.


Comment created.


Sequence created.


Comment created.


Comment created.


Comment created.


Comment created.


Comment created.


Comment created.


Comment created.


Comment created.


Comment created.


Comment created.


Comment created.


Comment created.


Comment created.


Comment created.


Comment created.


Comment created.


Comment created.


Comment created.


Comment created.


Comment created.


Comment created.


Comment created.


Comment created.


Comment created.


Comment created.


Comment created.


Comment created.


Comment created.


Comment created.


Comment created.


Comment created.


Comment created.


Index created.


Install Package Specifications

Package created.

No errors.

Package created.

No errors.

Package created.

No errors.

Package created.

No errors.

Package created.

No errors.

Package created.

No errors.

Package created.

No errors.

Package created.

No errors.

Install Tables - Must be ordered for foreign keys

Sequence created.


Table created.


Comment created.


Comment created.


Comment created.


Comment created.


Grant succeeded.


Grant succeeded.


Sequence created.


Table created.


Comment created.


Comment created.


Comment created.


Grant succeeded.


Grant succeeded.


Sequence created.


Table created.


Index created.


Comment created.


Comment created.


Comment created.


Comment created.


Comment created.


Grant succeeded.


Grant succeeded.


Sequence created.


Grant succeeded.


Table created.


Index created.


Index created.


Comment created.


Comment created.


Comment created.


Comment created.


Comment created.


Comment created.


Comment created.


Comment created.


Comment created.


Comment created.


Comment created.


Comment created.


Comment created.


Comment created.


Comment created.


Comment created.


Comment created.


Comment created.


Comment created.


Comment created.


Comment created.


Grant succeeded.


Grant succeeded.


Grant succeeded.


Table created.


Index created.


Comment created.


Comment created.


Comment created.


Comment created.


Comment created.


Comment created.


Comment created.


Comment created.


Comment created.


Comment created.


Grant succeeded.


Grant succeeded.


Table created.


Comment created.


Comment created.


Comment created.


Comment created.


Comment created.


Comment created.


Comment created.


Comment created.


Comment created.


Grant succeeded.


Grant succeeded.


Table created.


Index created.


Comment created.


Comment created.


Comment created.


Comment created.


Comment created.


Comment created.


Comment created.


Comment created.


Comment created.


Comment created.


Comment created.


Grant succeeded.


Grant succeeded.


Install Views

Warning: View created with compilation errors.


Comment created.


Comment created.


Comment created.


Comment created.


Comment created.


Comment created.


Comment created.


Comment created.


Comment created.


Comment created.


Comment created.


Comment created.


Comment created.


Comment created.


Comment created.


Comment created.


Comment created.


Comment created.


Comment created.


Comment created.


Comment created.


Comment created.


Comment created.


Comment created.


Comment created.


Comment created.

grant select on wt_dbout_runs_vw to public
                *
ERROR at line 1:
ORA-04063: view "WTP.WT_DBOUT_RUNS_VW" has errors 



View created.


Comment created.


Comment created.


Comment created.


Comment created.


Comment created.


Comment created.


Comment created.


Comment created.


Comment created.


Comment created.


Comment created.


Comment created.


Comment created.


Comment created.


Comment created.


Comment created.


Comment created.


Comment created.


Comment created.


Comment created.


Grant succeeded.


View created.


Comment created.


Comment created.


Comment created.


Comment created.


Comment created.


Comment created.


Comment created.


Comment created.


Comment created.


Comment created.


Comment created.


Comment created.


Comment created.


Comment created.


Comment created.


Comment created.


Comment created.


Comment created.


Grant succeeded.


View created.


Comment created.


Comment created.


Comment created.


Comment created.


Comment created.


Comment created.


Comment created.


Comment created.


Comment created.


Comment created.


View created.


Comment created.


Comment created.


Comment created.


Comment created.


Comment created.


Comment created.


Comment created.


Comment created.


Comment created.


Comment created.


Comment created.


Comment created.


Comment created.


Comment created.


Comment created.


Comment created.


Comment created.


Comment created.


Comment created.


Comment created.


Comment created.


Comment created.


Grant succeeded.


View created.


Comment created.


Comment created.


Comment created.


Comment created.


Comment created.


Comment created.


Comment created.


Comment created.


Comment created.


Comment created.


Comment created.


Comment created.


Comment created.


Comment created.


Comment created.


Comment created.


Comment created.


Grant succeeded.


Install Package Bodies

Package body created.

No errors.

Package body created.

No errors.

Warning: Package Body created with compilation errors.

Errors for PACKAGE BODY WT_PROFILE:

LINE/COL ERROR                                                                  
-------- -----------------------------------------------------------------      
8/11     PL/SQL: Item ignored                                                   
8/11     PLS-00201: identifier 'WT_DBOUT_RUNS' must be declared                 
499/18   PL/SQL: Item ignored                                                   
499/18   PLS-00201: identifier 'WT_DBOUT_RUNS' must be declared                 
503/10   PL/SQL: Statement ignored                                              
503/10   PLS-00320: the declaration of the type of this expression is           
         incomplete or malformed                                                
                                                                                
508/10   PL/SQL: Statement ignored                                              
508/10   PLS-00320: the declaration of the type of this expression is           
         incomplete or malformed                                                

LINE/COL ERROR                                                                  
-------- -----------------------------------------------------------------      
                                                                                
701/10   PL/SQL: Statement ignored                                              
701/10   PLS-00320: the declaration of the type of this expression is           
         incomplete or malformed                                                
                                                                                
703/10   PL/SQL: Statement ignored                                              
703/10   PLS-00320: the declaration of the type of this expression is           
         incomplete or malformed                                                
                                                                                
705/10   PL/SQL: Statement ignored                                              
705/10   PLS-00320: the declaration of the type of this expression is           

LINE/COL ERROR                                                                  
-------- -----------------------------------------------------------------      
         incomplete or malformed                                                
                                                                                
707/10   PL/SQL: Statement ignored                                              
707/10   PLS-00320: the declaration of the type of this expression is           
         incomplete or malformed                                                
                                                                                
711/10   PL/SQL: Statement ignored                                              
711/10   PLS-00320: the declaration of the type of this expression is           
         incomplete or malformed                                                
                                                                                
713/10   PL/SQL: Statement ignored                                              

LINE/COL ERROR                                                                  
-------- -----------------------------------------------------------------      
713/10   PLS-00320: the declaration of the type of this expression is           
         incomplete or malformed                                                
                                                                                

Package body created.

No errors.

Package body created.

No errors.

Package body created.

No errors.

Package body created.

No errors.

Warning: Package Body created with compilation errors.

Errors for PACKAGE BODY WT_PERSIST_REPORT:

LINE/COL ERROR                                                                  
-------- -----------------------------------------------------------------      
5/26     PL/SQL: Item ignored                                                   
5/26     PLS-00905: object WTP.WT_DBOUT_RUNS_VW is invalid                      
40/4     PL/SQL: Statement ignored                                              
40/11    PLS-00320: the declaration of the type of this expression is           
         incomplete or malformed                                                
                                                                                
55/4     PL/SQL: Statement ignored                                              
55/7     PLS-00320: the declaration of the type of this expression is           
         incomplete or malformed                                                
                                                                                
60/4     PL/SQL: Statement ignored                                              

LINE/COL ERROR                                                                  
-------- -----------------------------------------------------------------      
60/32    PLS-00320: the declaration of the type of this expression is           
         incomplete or malformed                                                
                                                                                
63/4     PL/SQL: Statement ignored                                              
63/45    PLS-00320: the declaration of the type of this expression is           
         incomplete or malformed                                                
                                                                                
65/4     PL/SQL: Statement ignored                                              
65/45    PLS-00320: the declaration of the type of this expression is           
         incomplete or malformed                                                
                                                                                

LINE/COL ERROR                                                                  
-------- -----------------------------------------------------------------      
67/4     PL/SQL: Statement ignored                                              
67/45    PLS-00320: the declaration of the type of this expression is           
         incomplete or malformed                                                
                                                                                
69/4     PL/SQL: Statement ignored                                              
69/45    PLS-00320: the declaration of the type of this expression is           
         incomplete or malformed                                                
                                                                                
71/4     PL/SQL: Statement ignored                                              
71/45    PLS-00320: the declaration of the type of this expression is           
         incomplete or malformed                                                

LINE/COL ERROR                                                                  
-------- -----------------------------------------------------------------      
                                                                                
73/4     PL/SQL: Statement ignored                                              
73/45    PLS-00320: the declaration of the type of this expression is           
         incomplete or malformed                                                
                                                                                

Configuration Data

1 row deleted.


1 row created.


1 row created.


1 row created.


Commit complete.

new: showmode BOTH
