.
SQL> -- Running Common Setup
SQL> set define "&"
SQL> set concat "."
SQL> define schema_owner="wtp"
SQL> define demo_owner="wtp_demo"
SQL> define connect_string=""
SQL> -- Common Setup Done.
SQL> set echo off
.
old   1: drop user &schema_owner. cascade
new   1: drop user wtp cascade
drop user wtp cascade
*
ERROR at line 1:
ORA-04098: trigger 'SYS.XDB_PI_TRIG' is invalid and failed re-validation 


old   6: 				  and  regexp_like(table_owner, '&schema_owner.', 'i') )
new   6: 				  and  regexp_like(table_owner, 'wtp', 'i') )
drop public synonym WT_WTPLSQL                                                  
declare
*
ERROR at line 1:
ORA-04098: trigger 'SYS.XDB_PI_TRIG' is invalid and failed re-validation 
ORA-06512: at line 10 


Remove "WTPLSQL_ENABLE" from PLSQL_CCFLAGS                                      
  *) "WTPLSQL_ENABLE:TRUE, WTPLSQL_SELFTEST:TRUE"                               

PL/SQL procedure successfully completed.

new: showmode BOTH
