
SQL*Loader: Release 19.0.0.0.0 - Production on Thu Feb 6 12:14:37 2025
Version 19.22.0.0.0

Copyright (c) 1982, 2024, Oracle and/or its affiliates.  All rights reserved.

Control File:   ODBCAPTURE/DLOAD_CONF.ctl
Data File:      ODBCAPTURE/DLOAD_CONF.csv
  Bad File:     ODBCAPTURE/DLOAD_CONF.bad
  Discard File:  none specified
 
 (Allow all discards)

Number to load: ALL
Number to skip: 1
Errors allowed: 50
Bind array:     250 rows, maximum of 1048576 bytes
Continuation:    none specified
Path used:      Conventional
Silent options: FEEDBACK
Table "ODBCAPTURE"."DLOAD_CONF", loaded from every logical record.
Insert option in effect for this table: APPEND
TRAILING NULLCOLS option in effect

   Column Name                  Position   Len  Term Encl Datatype
------------------------------ ---------- ----- ---- ---- ---------------------
USERNAME                            FIRST   128   ,  O(") CHARACTER            
TABLE_NAME                           NEXT   128   ,  O(") CHARACTER            
BUILD_TYPE                           NEXT    10   ,  O(") CHARACTER            
ORDER_BY_COLUMNS                     NEXT  4000   ,  O(") CHARACTER            
LOADING_METHOD                       NEXT    50   ,  O(") CHARACTER            
BEFORE_SELECT_SQL                    NEXT  4000   ,  O(") CHARACTER            
COLUMNS_REMOVED                      NEXT  4000   ,  O(") CHARACTER            
WHERE_CLAUSE                         NEXT  4000   ,  O(") CHARACTER            
AFTER_ORDER_BY_SQL                   NEXT  4000   ,  O(") CHARACTER            
NOTES                                NEXT  4000   ,  O(") CHARACTER            

value used for ROWS parameter changed from 250 to 43

Table "ODBCAPTURE"."DLOAD_CONF":
  9 Rows successfully loaded.
  0 Rows not loaded due to data errors.
  0 Rows not loaded because all WHEN clauses were failed.
  0 Rows not loaded because all fields were null.


Space allocated for bind array:                1046448 bytes(43 rows)
Read   buffer bytes: 1048576

Total logical records skipped:          1
Total logical records read:             9
Total logical records rejected:         0
Total logical records discarded:        0

Run began on Thu Feb 06 12:14:37 2025
Run ended on Thu Feb 06 12:14:37 2025

Elapsed time was:     00:00:00.58
CPU time was:         00:00:00.14
