
SQL*Loader: Release 19.0.0.0.0 - Production on Thu Feb 6 12:14:46 2025
Version 19.22.0.0.0

Copyright (c) 1982, 2024, Oracle and/or its affiliates.  All rights reserved.

Control File:   ODBCAPTURE/TSPACE_CONF.ctl
Data File:      ODBCAPTURE/TSPACE_CONF.csv
  Bad File:     ODBCAPTURE/TSPACE_CONF.bad
  Discard File:  none specified
 
 (Allow all discards)

Number to load: ALL
Number to skip: 1
Errors allowed: 50
Bind array:     250 rows, maximum of 1048576 bytes
Continuation:    none specified
Path used:      Conventional
Silent options: FEEDBACK
Table "ODBCAPTURE"."TSPACE_CONF", loaded from every logical record.
Insert option in effect for this table: APPEND
TRAILING NULLCOLS option in effect

   Column Name                  Position   Len  Term Encl Datatype
------------------------------ ---------- ----- ---- ---- ---------------------
USERNAME                            FIRST   128   ,  O(") CHARACTER            
TSPACE_NAME                          NEXT    30   ,  O(") CHARACTER            
TS_QUOTA                             NEXT    10   ,  O(") CHARACTER            


Table "ODBCAPTURE"."TSPACE_CONF":
  0 Rows successfully loaded.
  0 Rows not loaded due to data errors.
  0 Rows not loaded because all WHEN clauses were failed.
  0 Rows not loaded because all fields were null.


Space allocated for bind array:                  43500 bytes(250 rows)
Read   buffer bytes: 1048576

Total logical records skipped:          1
Total logical records read:             0
Total logical records rejected:         0
Total logical records discarded:        0

Run began on Thu Feb 06 12:14:46 2025
Run ended on Thu Feb 06 12:14:49 2025

Elapsed time was:     00:00:02.56
CPU time was:         00:00:00.18
