=== DBI Started: ./installation_prepare.sql

Create Temp Publicly Updateable Table

Table created.


Grant succeeded.


Synonym created.


Check for Prerequisite BUILD_TYPEs
Prerequisite BUILD_TYPEs for "wtpsav"
 -) "wtpsrc" last loaded on 06-Feb-2025 18:10:55

PL/SQL procedure successfully completed.

=== DBI Completed at 2025-02-06T18:10:59 for a duration of .19 seconds (started at 2025-02-06T18:10:59)
=== DBI Started: WTP/PLSQL_PROFILER_RUNNUMBER.seq

Sequence created.

=== DBI Completed at 2025-02-06T18:10:59 for a duration of .07 seconds (started at 2025-02-06T18:10:59)
=== DBI Started: WTP/WT_DBOUTS_SEQ.seq

Sequence created.

=== DBI Completed at 2025-02-06T18:10:59 for a duration of .05 seconds (started at 2025-02-06T18:10:59)
=== DBI Started: WTP/WT_TESTCASES_SEQ.seq

Sequence created.

=== DBI Completed at 2025-02-06T18:10:59 for a duration of .05 seconds (started at 2025-02-06T18:10:59)
=== DBI Started: WTP/WT_TEST_RUNNERS_SEQ.seq

Sequence created.

=== DBI Completed at 2025-02-06T18:10:59 for a duration of .05 seconds (started at 2025-02-06T18:10:59)
=== DBI Started: WTP/WT_TEST_RUNS_SEQ.seq

Sequence created.


Grant succeeded.

=== DBI Completed at 2025-02-06T18:10:59 for a duration of .09 seconds (started at 2025-02-06T18:10:59)
=== DBI Started: WTP/JUNIT_XML_PERSIST_ALL.proc

Warning: Procedure created with compilation errors.

=== DBI Completed at 2025-02-06T18:10:59 for a duration of .07 seconds (started at 2025-02-06T18:10:59)
=== DBI Started: WTP/WT_DBOUT.pkssql

Package created.

=== DBI Completed at 2025-02-06T18:10:59 for a duration of .07 seconds (started at 2025-02-06T18:10:59)
=== DBI Started: WTP/WT_JOB.pkssql

Package created.

=== DBI Completed at 2025-02-06T18:10:59 for a duration of .05 seconds (started at 2025-02-06T18:10:59)
=== DBI Started: WTP/WT_PERSIST_REPORT.pkssql

Package created.


Grant succeeded.

=== DBI Completed at 2025-02-06T18:11:00 for a duration of .12 seconds (started at 2025-02-06T18:10:59)
=== DBI Started: WTP/WT_PROFILE.pkssql

Warning: Package created with compilation errors.

=== DBI Completed at 2025-02-06T18:11:00 for a duration of .18 seconds (started at 2025-02-06T18:11:00)
=== DBI Started: WTP/WT_RESULT.pkssql

Package created.

=== DBI Completed at 2025-02-06T18:11:00 for a duration of .19 seconds (started at 2025-02-06T18:11:00)
=== DBI Started: WTP/WT_TESTCASE.pkssql

Package created.

=== DBI Completed at 2025-02-06T18:11:00 for a duration of .11 seconds (started at 2025-02-06T18:11:00)
=== DBI Started: WTP/WT_TEST_RUN.pkssql

Package created.


Grant succeeded.

=== DBI Completed at 2025-02-06T18:11:00 for a duration of .12 seconds (started at 2025-02-06T18:11:00)
=== DBI Started: WTP/WT_TEST_RUNNER.pkssql

Package created.

=== DBI Completed at 2025-02-06T18:11:00 for a duration of .07 seconds (started at 2025-02-06T18:11:00)
=== DBI Started: WTP/PLSQL_PROFILER_DATA.tbl

Table created.


Table altered.


Comment created.


Comment created.


Comment created.


Comment created.


Comment created.


Comment created.


Comment created.


Comment created.


Comment created.


Comment created.


Comment created.


Comment created.

=== DBI Completed at 2025-02-06T18:11:01 for a duration of .48 seconds (started at 2025-02-06T18:11:00)
=== DBI Started: WTP/PLSQL_PROFILER_RUNS.tbl

Table created.


Table altered.


Comment created.


Comment created.


Comment created.


Comment created.


Comment created.


Comment created.


Comment created.


Comment created.


Comment created.


Comment created.

=== DBI Completed at 2025-02-06T18:11:01 for a duration of .4 seconds (started at 2025-02-06T18:11:01)
=== DBI Started: WTP/PLSQL_PROFILER_UNITS.tbl

Table created.


Table altered.


Comment created.


Comment created.


Comment created.


Comment created.


Comment created.


Comment created.


Comment created.


Comment created.


Comment created.


Comment created.

=== DBI Completed at 2025-02-06T18:11:02 for a duration of .41 seconds (started at 2025-02-06T18:11:01)
=== DBI Started: WTP/WT_DBOUTS.tbl

Table created.


Table altered.


Table altered.


Comment created.


Comment created.


Comment created.


Comment created.


Comment created.


Grant succeeded.


Grant succeeded.

=== DBI Completed at 2025-02-06T18:11:02 for a duration of .42 seconds (started at 2025-02-06T18:11:02)
=== DBI Started: WTP/WT_DBOUT_RUNS.tbl

Table created.


Table altered.


Table altered.


Comment created.


Comment created.


Comment created.


Comment created.


Comment created.


Comment created.


Comment created.


Comment created.


Comment created.


Comment created.


Comment created.


Comment created.


Comment created.


Comment created.


Comment created.


Grant succeeded.


Grant succeeded.


Grant succeeded.

=== DBI Completed at 2025-02-06T18:11:03 for a duration of .71 seconds (started at 2025-02-06T18:11:02)
=== DBI Started: WTP/WT_PROFILES.tbl

Table created.


Table altered.


Comment created.


Comment created.


Comment created.


Comment created.


Comment created.


Comment created.


Comment created.


Comment created.


Comment created.


Grant succeeded.


Grant succeeded.

=== DBI Completed at 2025-02-06T18:11:03 for a duration of .49 seconds (started at 2025-02-06T18:11:03)
=== DBI Started: WTP/WT_RESULTS.tbl

Table created.


Table altered.


Comment created.


Comment created.


Comment created.


Comment created.


Comment created.


Comment created.


Comment created.


Comment created.


Comment created.


Comment created.


Grant succeeded.


Grant succeeded.

=== DBI Completed at 2025-02-06T18:11:04 for a duration of .56 seconds (started at 2025-02-06T18:11:03)
=== DBI Started: WTP/WT_TESTCASES.tbl

Table created.


Table altered.


Table altered.


Comment created.


Comment created.


Comment created.


Grant succeeded.


Grant succeeded.

=== DBI Completed at 2025-02-06T18:11:04 for a duration of .38 seconds (started at 2025-02-06T18:11:04)
=== DBI Started: WTP/WT_TESTCASE_RUNS.tbl

Table created.


Table altered.


Comment created.


Comment created.


Comment created.


Comment created.


Comment created.


Comment created.


Comment created.


Comment created.


Comment created.


Comment created.


Comment created.


Grant succeeded.


Grant succeeded.

=== DBI Completed at 2025-02-06T18:11:05 for a duration of .53 seconds (started at 2025-02-06T18:11:04)
=== DBI Started: WTP/WT_TEST_RUNNERS.tbl

Table created.


Table altered.


Table altered.


Comment created.


Comment created.


Comment created.


Comment created.


Grant succeeded.


Grant succeeded.

=== DBI Completed at 2025-02-06T18:11:05 for a duration of .37 seconds (started at 2025-02-06T18:11:05)
=== DBI Started: WTP/WT_TEST_RUNS.tbl

Table created.


Table altered.


Table altered.


Comment created.


Comment created.


Comment created.


Comment created.


Comment created.


Comment created.


Comment created.


Comment created.


Comment created.


Comment created.


Comment created.


Comment created.


Comment created.


Comment created.


Comment created.


Comment created.


Comment created.


Comment created.


Comment created.


Comment created.


Comment created.


Grant succeeded.


Grant succeeded.


Grant succeeded.

=== DBI Completed at 2025-02-06T18:11:06 for a duration of .88 seconds (started at 2025-02-06T18:11:05)
Compile All started

PL/SQL procedure successfully completed.

Compile All is done.
=== DBI Started: WTP/WT_DBOUT_RUNS_VW.vw

View created.


Grant succeeded.


View created.


Comment created.


Comment created.


Comment created.


Comment created.


Comment created.


Comment created.


Comment created.


Comment created.


Comment created.


Comment created.


Comment created.


Comment created.


Comment created.


Comment created.


Comment created.


Comment created.


Comment created.


Comment created.


Comment created.


Comment created.


Comment created.


Comment created.


Comment created.


Comment created.


Comment created.


Comment created.


Grant succeeded.

=== DBI Completed at 2025-02-06T18:11:09 for a duration of .85 seconds (started at 2025-02-06T18:11:08)
=== DBI Started: WTP/WT_PROFILES_VW.vw

View created.


Grant succeeded.


View created.


Comment created.


Comment created.


Comment created.


Comment created.


Comment created.


Comment created.


Comment created.


Comment created.


Comment created.


Comment created.


Comment created.


Comment created.


Comment created.


Comment created.


Comment created.


Comment created.


Grant succeeded.

=== DBI Completed at 2025-02-06T18:11:09 for a duration of .57 seconds (started at 2025-02-06T18:11:09)
=== DBI Started: WTP/WT_RESULTS_VW.vw

View created.


Grant succeeded.


View created.


Comment created.


Comment created.


Comment created.


Comment created.


Comment created.


Comment created.


Comment created.


Comment created.


Comment created.


Comment created.


Comment created.


Comment created.


Comment created.


Comment created.


Comment created.


Comment created.


Comment created.


Comment created.


Grant succeeded.

=== DBI Completed at 2025-02-06T18:11:10 for a duration of .91 seconds (started at 2025-02-06T18:11:09)
=== DBI Started: WTP/WT_SCHEDULER_JOBS_VW.vw

View created.


View created.


Comment created.


Comment created.


Comment created.


Comment created.


Comment created.


Comment created.


Comment created.


Comment created.


Comment created.


Comment created.

=== DBI Completed at 2025-02-06T18:11:11 for a duration of .49 seconds (started at 2025-02-06T18:11:10)
=== DBI Started: WTP/WT_TESTCASE_RUNS_VW.vw

View created.


Grant succeeded.


View created.


Comment created.


Comment created.


Comment created.


Comment created.


Comment created.


Comment created.


Comment created.


Comment created.


Comment created.


Comment created.


Comment created.


Comment created.


Comment created.


Comment created.


Comment created.


Comment created.


Comment created.


Grant succeeded.

=== DBI Completed at 2025-02-06T18:11:11 for a duration of .61 seconds (started at 2025-02-06T18:11:11)
=== DBI Started: WTP/WT_TEST_RUNS_VW.vw

View created.


Grant succeeded.


View created.


Comment created.


Comment created.


Comment created.


Comment created.


Comment created.


Comment created.


Comment created.


Comment created.


Comment created.


Comment created.


Comment created.


Comment created.


Comment created.


Comment created.


Comment created.


Comment created.


Comment created.


Comment created.


Comment created.


Comment created.


Comment created.


Comment created.


Grant succeeded.

=== DBI Completed at 2025-02-06T18:11:12 for a duration of .71 seconds (started at 2025-02-06T18:11:11)
=== DBI Started: WTP/PLSQL_PROFILER_RUNS.tidx

Index created.

=== DBI Completed at 2025-02-06T18:11:12 for a duration of .06 seconds (started at 2025-02-06T18:11:12)
=== DBI Started: WTP/WT_DBOUTS.tidx

Index created.

=== DBI Completed at 2025-02-06T18:11:12 for a duration of .07 seconds (started at 2025-02-06T18:11:12)
=== DBI Started: WTP/WT_RESULTS.tidx

Index created.

=== DBI Completed at 2025-02-06T18:11:12 for a duration of .06 seconds (started at 2025-02-06T18:11:12)
=== DBI Started: WTP/WT_TESTCASE_RUNS.tidx

Index created.

=== DBI Completed at 2025-02-06T18:11:12 for a duration of .06 seconds (started at 2025-02-06T18:11:12)
=== DBI Started: WTP/WT_TEST_RUNS.tidx

Index created.


Index created.

=== DBI Completed at 2025-02-06T18:11:12 for a duration of .12 seconds (started at 2025-02-06T18:11:12)
=== DBI Started: WTP/WT_DBOUT.pkbsql

Package body created.

=== DBI Completed at 2025-02-06T18:11:12 for a duration of .07 seconds (started at 2025-02-06T18:11:12)
=== DBI Started: WTP/WT_JOB.pkbsql

Package body created.

=== DBI Completed at 2025-02-06T18:11:13 for a duration of .12 seconds (started at 2025-02-06T18:11:12)
=== DBI Started: WTP/WT_PERSIST_REPORT.pkbsql

Package body created.

=== DBI Completed at 2025-02-06T18:11:13 for a duration of .14 seconds (started at 2025-02-06T18:11:13)
=== DBI Started: WTP/WT_PROFILE.pkbsql

Package body created.

=== DBI Completed at 2025-02-06T18:11:13 for a duration of .2 seconds (started at 2025-02-06T18:11:13)
=== DBI Started: WTP/WT_RESULT.pkbsql

Package body created.

=== DBI Completed at 2025-02-06T18:11:13 for a duration of .08 seconds (started at 2025-02-06T18:11:13)
=== DBI Started: WTP/WT_TESTCASE.pkbsql

Package body created.

=== DBI Completed at 2025-02-06T18:11:13 for a duration of .06 seconds (started at 2025-02-06T18:11:13)
=== DBI Started: WTP/WT_TEST_RUN.pkbsql

Package body created.

=== DBI Completed at 2025-02-06T18:11:13 for a duration of .14 seconds (started at 2025-02-06T18:11:13)
=== DBI Started: WTP/WT_TEST_RUNNER.pkbsql

Package body created.

=== DBI Completed at 2025-02-06T18:11:13 for a duration of .08 seconds (started at 2025-02-06T18:11:13)
=== DBI Started: WTP/PLSQL_PROFILER_DATA.tfk

Table altered.

=== DBI Completed at 2025-02-06T18:11:13 for a duration of .07 seconds (started at 2025-02-06T18:11:13)
=== DBI Started: WTP/PLSQL_PROFILER_UNITS.tfk

Table altered.

=== DBI Completed at 2025-02-06T18:11:13 for a duration of .08 seconds (started at 2025-02-06T18:11:13)
=== DBI Started: WTP/WT_DBOUT_RUNS.tfk

Table altered.

=== DBI Completed at 2025-02-06T18:11:14 for a duration of .07 seconds (started at 2025-02-06T18:11:13)
=== DBI Started: WTP/WT_PROFILES.tfk

Table altered.

=== DBI Completed at 2025-02-06T18:11:14 for a duration of .07 seconds (started at 2025-02-06T18:11:14)
=== DBI Started: WTP/WT_RESULTS.tfk

Table altered.


Table altered.

=== DBI Completed at 2025-02-06T18:11:14 for a duration of .12 seconds (started at 2025-02-06T18:11:14)
=== DBI Started: WTP/WT_TESTCASE_RUNS.tfk

Table altered.


Table altered.

=== DBI Completed at 2025-02-06T18:11:14 for a duration of .15 seconds (started at 2025-02-06T18:11:14)
=== DBI Started: WTP/WT_TEST_RUNS.tfk

Table altered.


Table altered.

=== DBI Completed at 2025-02-06T18:11:14 for a duration of .13 seconds (started at 2025-02-06T18:11:14)
=== DBI Started: ./installation_finalize.sql

Drop Temp Publicly Updateable Table

Synonym dropped.


Table dropped.


fix_invalid_public_synonyms

Re-create Invalid Public Synonyms

PL/SQL procedure successfully completed.


compile_all
Compile All started
WTP Compiled.
Compile All is done.

PL/SQL procedure successfully completed.


alter_foreign_keys_ENABLE
Alter Foreign Keys started.
  ENABLE 'WTP'
alter table "WTP"."PLSQL_PROFILER_DATA" ENABLE constraint "PLSQL_PROFILER_DATA_FK1";
alter table "WTP"."PLSQL_PROFILER_UNITS" ENABLE constraint "PLSQL_PROFILER_UNITS_FK1";
alter table "WTP"."WT_DBOUT_RUNS" ENABLE constraint "WT_DBOUT_RUNS_FK1";
alter table "WTP"."WT_PROFILES" ENABLE constraint "WT_PROFILES_FK1";
alter table "WTP"."WT_RESULTS" ENABLE constraint "WT_RESULTS_FK1";
alter table "WTP"."WT_RESULTS" ENABLE constraint "WT_RESULTS_FK2";
alter table "WTP"."WT_TESTCASE_RUNS" ENABLE constraint "WT_TESTCASE_RUNS_FK1";
alter table "WTP"."WT_TESTCASE_RUNS" ENABLE constraint "WT_TESTCASE_RUNS_FK2";
alter table "WTP"."WT_TEST_RUNS" ENABLE constraint "WT_TEST_RUNS_FK1";
alter table "WTP"."WT_TEST_RUNS" ENABLE constraint "WT_TEST_RUNS_FK2";
Alter Foreign Keys is done.

PL/SQL procedure successfully completed.


alter_triggers_ENABLE
Alter Triggers started.
  ENABLE 'WTP'
Alter Triggers is done.

PL/SQL procedure successfully completed.


update_id_sequences
Update ID Sequences started
Identity Sequence Updates is done.

PL/SQL procedure successfully completed.


Switch Spooling Off
