
    wtPLSQL 1.1.0 - Run ID 94: 03-May-2018 08:50:41 PM

  Test Results for WTP_DEMO.TRIGGER_TEST_PKG
       Total Testcases:        0      Total Assertions:        6
  Minimum Elapsed msec:        0     Failed Assertions:        0
  Average Elapsed msec:        2      Error Assertions:        0
  Maximum Elapsed msec:       10            Test Yield:   100.00%
  Total Run Time (sec):      0.0

  Code Coverage for TRIGGER WTP_DEMO.TRIGGER_TEST_BIR
    Total Source Lines:        6    Not Executed Lines:        0
  Minimum Elapsed usec:        2       Annotated Lines:        0
  Average Elapsed usec:       28        Excluded Lines:        0
  Maximum Elapsed usec:      140         Unknown Lines:        1
 Trigger Source Offset:        3         Code Coverage:   100.00%

WTP_DEMO.TRIGGER_TEST_PKG Details (Test Run ID 94)
----------------------------------------
 PASS   10ms SQLERRM String. EQ - Expected "ORA-0000: normal, successful completion" and got "ORA-0000: normal, successful completion"
 PASS    1ms Number of Rows After Test. EQQUERYVALUE - Expected "1" and got "1" for Query: select count(*) from trigger_test_tab
 PASS    0ms l_rec.id. ISNOTNULL - Expected NOT NULL and got "6"
 PASS    0ms l_rec.name. EQ - Expected "Test1" and got "Test1"
 PASS    0ms l_rec.created_dtm. ISNOTNULL - Expected NOT NULL and got "03-MAY-2018 20:50:41"
 PASS    2ms Number of Rows After Rollback. EQQUERYVALUE - Expected "0" and got "0" for Query: select count(*) from trigger_test_tab

WTP_DEMO.TRIGGER_TEST_BIR TRIGGER Code Coverage Details (Test Run ID 94)
Source               TotTime MinTime   MaxTime     
  Line Stat Occurs    (usec)  (usec)    (usec) Text
------ ---- ------ --------- ------- --------- ------------
     4 UNKN      0         3       3         3 begin
     5 EXEC      1         4       4         4   if :new.id is null
     7 EXEC      1       140     140       140      :new.id := trigger_test_seq.nextval;
     9 EXEC      1         2       2         2   if :new.created_dtm is null
    11 EXEC      1        15       2        13      :new.created_dtm := sysdate;
    13 EXEC      1         2       2         2 end;


