=== DBI Started: ./installation_prepare.sql

Create Temp Publicly Updateable Table

Table created.


Grant succeeded.


Synonym created.


Check for Prerequisite BUILD_TYPEs
Prerequisite BUILD_TYPEs for "wtpsrc"

PL/SQL procedure successfully completed.

=== DBI Completed at 2025-02-06T18:10:14 for a duration of .33 seconds (started at 2025-02-06T18:10:14)
=== DBI Started: WTP/WT_AD_HOC_REPORT.proc

Warning: Procedure created with compilation errors.


Grant succeeded.

=== DBI Completed at 2025-02-06T18:10:14 for a duration of .18 seconds (started at 2025-02-06T18:10:14)
=== DBI Started: WTP/WT_EXECUTE_TEST_RUNNER.proc

Warning: Procedure created with compilation errors.


Grant succeeded.

=== DBI Completed at 2025-02-06T18:10:14 for a duration of .12 seconds (started at 2025-02-06T18:10:14)
=== DBI Started: WTP/CORE_DATA.pkssql

Package created.


Grant succeeded.

=== DBI Completed at 2025-02-06T18:10:15 for a duration of .2 seconds (started at 2025-02-06T18:10:14)
=== DBI Started: WTP/HOOK.pkssql

Package created.


Grant succeeded.

=== DBI Completed at 2025-02-06T18:10:15 for a duration of .22 seconds (started at 2025-02-06T18:10:15)
=== DBI Started: WTP/JUNIT_CORE_REPORT.pkssql

Package created.


Grant succeeded.

=== DBI Completed at 2025-02-06T18:10:15 for a duration of .42 seconds (started at 2025-02-06T18:10:15)
=== DBI Started: WTP/WTPLSQL.pkssql

Package created.


Grant succeeded.


Synonym created.


Synonym created.

=== DBI Completed at 2025-02-06T18:10:16 for a duration of .43 seconds (started at 2025-02-06T18:10:15)
=== DBI Started: WTP/WT_ASSERT.pkssql

Package created.


Grant succeeded.


Synonym created.


Synonym created.

=== DBI Completed at 2025-02-06T18:10:16 for a duration of .52 seconds (started at 2025-02-06T18:10:16)
=== DBI Started: WTP/WT_CORE_REPORT.pkssql

Package created.


Grant succeeded.

=== DBI Completed at 2025-02-06T18:10:16 for a duration of .11 seconds (started at 2025-02-06T18:10:16)
=== DBI Started: WTP/HOOKS.tbl

Table created.


Table altered.


Table altered.


Table altered.


Comment created.


Comment created.


Comment created.


Comment created.


Comment created.


Grant succeeded.


Grant succeeded.


Grant succeeded.


Grant succeeded.

=== DBI Completed at 2025-02-06T18:10:33 for a duration of 16.76 seconds (started at 2025-02-06T18:10:16)
=== DBI Started: WTP/WT_VERSIONS.tbl

Table created.


Table altered.


Table altered.


Comment created.


Comment created.


Comment created.


Comment created.


Comment created.


Comment created.


Grant succeeded.

=== DBI Completed at 2025-02-06T18:10:34 for a duration of .37 seconds (started at 2025-02-06T18:10:33)
Compile All started

PL/SQL procedure successfully completed.

Compile All is done.
=== DBI Started: WTP/WT_QUAL_TEST_RUNNERS_VW.vw

View created.


Grant succeeded.


View created.


Comment created.


Comment created.


Comment created.


Grant succeeded.

=== DBI Completed at 2025-02-06T18:10:38 for a duration of .41 seconds (started at 2025-02-06T18:10:37)
=== DBI Started: WTP/HOOKS.cldr

Disable Triggers and Foreign Keys

PL/SQL procedure successfully completed.


sqlldr_control=WTP/HOOKS.ctl


PL/SQL procedure successfully completed.

=== DBI Completed at 2025-02-06T18:10:43 for a duration of 5.87 seconds (started at 2025-02-06T18:10:38)
=== DBI Started: WTP/CORE_DATA.pkbsql

Package body created.

=== DBI Completed at 2025-02-06T18:10:44 for a duration of .12 seconds (started at 2025-02-06T18:10:43)
=== DBI Started: WTP/HOOK.pkbsql

Package body created.

=== DBI Completed at 2025-02-06T18:10:44 for a duration of .09 seconds (started at 2025-02-06T18:10:44)
=== DBI Started: WTP/JUNIT_CORE_REPORT.pkbsql

Package body created.

=== DBI Completed at 2025-02-06T18:10:44 for a duration of .1 seconds (started at 2025-02-06T18:10:44)
=== DBI Started: WTP/WTPLSQL.pkbsql

Package body created.

=== DBI Completed at 2025-02-06T18:10:44 for a duration of .16 seconds (started at 2025-02-06T18:10:44)
=== DBI Started: WTP/WT_ASSERT.pkbsql

Package body created.

=== DBI Completed at 2025-02-06T18:10:44 for a duration of .32 seconds (started at 2025-02-06T18:10:44)
=== DBI Started: WTP/WT_CORE_REPORT.pkbsql

Package body created.

=== DBI Completed at 2025-02-06T18:10:44 for a duration of .24 seconds (started at 2025-02-06T18:10:44)
=== DBI Started: ./installation_finalize.sql

Drop Temp Publicly Updateable Table

Synonym dropped.


Table dropped.


fix_invalid_public_synonyms

Re-create Invalid Public Synonyms

PL/SQL procedure successfully completed.


compile_all
Compile All started
WTP Compiled.
Compile All is done.

PL/SQL procedure successfully completed.


alter_foreign_keys_ENABLE
Alter Foreign Keys started.
  ENABLE 'WTP'
Alter Foreign Keys is done.

PL/SQL procedure successfully completed.


alter_triggers_ENABLE
Alter Triggers started.
  ENABLE 'WTP'
Alter Triggers is done.

PL/SQL procedure successfully completed.


update_id_sequences
Update ID Sequences started
Identity Sequence Updates is done.

PL/SQL procedure successfully completed.


Switch Spooling Off
