old:create user &schema_owner. identified by &schema_owner.
   default tablespace users
   temporary tablespace temp
new:create user wtp identified by wtp
   default tablespace users
   temporary tablespace temp

User WTP created.

old:grant connect, resource to &schema_owner.
new:grant connect, resource to wtp

Grant succeeded.


PLSQL_CCFLAGS                                                                                                                                                                                                                                                                                                                                                                                                                                                                                                                                                                                                                                                                                                                                                                                                                                                                                                                                                                                                                 
------------------------------------------------------------------------------------------------------------------------------------------------------------------------------------------------------------------------------------------------------------------------------------------------------------------------------------------------------------------------------------------------------------------------------------------------------------------------------------------------------------------------------------------------------------------------------------------------------------------------------------------------------------------------------------------------------------------------------------------------------------------------------------------------------------------------------------------------------------------------------------------------------------------------------------------------------------------------------------------------------------------------------
WTPLSQL_ENABLE:TRUE, WTPLSQL_SELFTEST:TRUE


PL/SQL procedure successfully completed.


PLSQL_CCFLAGS                                                                                                                                                                                                                                                                                                                                                                                                                                                                                                                                                                                                                                                                                                                                                                                                                                                                                                                                                                                                                 
------------------------------------------------------------------------------------------------------------------------------------------------------------------------------------------------------------------------------------------------------------------------------------------------------------------------------------------------------------------------------------------------------------------------------------------------------------------------------------------------------------------------------------------------------------------------------------------------------------------------------------------------------------------------------------------------------------------------------------------------------------------------------------------------------------------------------------------------------------------------------------------------------------------------------------------------------------------------------------------------------------------------------
WTPLSQL_ENABLE:TRUE, WTPLSQL_SELFTEST:TRUE

old:create or replace public synonym wt_test_runs_seq  for &schema_owner..wt_test_runs_seq
new:create or replace public synonym wt_test_runs_seq  for wtp.wt_test_runs_seq

Synonym WT_TEST_RUNS_SEQ created.

old:create or replace public synonym wt_test_runs      for &schema_owner..wt_test_runs
new:create or replace public synonym wt_test_runs      for wtp.wt_test_runs

Synonym WT_TEST_RUNS created.

old:create or replace public synonym wt_results        for &schema_owner..wt_results
new:create or replace public synonym wt_results        for wtp.wt_results

Synonym WT_RESULTS created.

old:create or replace public synonym wt_dbout_profiles for &schema_owner..wt_dbout_profiles
new:create or replace public synonym wt_dbout_profiles for wtp.wt_dbout_profiles

Synonym WT_DBOUT_PROFILES created.

old:create or replace public synonym wt_not_executable for &schema_owner..wt_not_executable
new:create or replace public synonym wt_not_executable for wtp.wt_not_executable

Synonym WT_NOT_EXECUTABLE created.

old:create or replace public synonym plsql_profiler_runs  for &schema_owner..plsql_profiler_runs
new:create or replace public synonym plsql_profiler_runs  for wtp.plsql_profiler_runs

Synonym PLSQL_PROFILER_RUNS created.

old:create or replace public synonym plsql_profiler_units for &schema_owner..plsql_profiler_units
new:create or replace public synonym plsql_profiler_units for wtp.plsql_profiler_units

Synonym PLSQL_PROFILER_UNITS created.

old:create or replace public synonym plsql_profiler_data  for &schema_owner..plsql_profiler_data
new:create or replace public synonym plsql_profiler_data  for wtp.plsql_profiler_data

Synonym PLSQL_PROFILER_DATA created.

old:create or replace public synonym wt_assert         for &schema_owner..wt_assert
new:create or replace public synonym wt_assert         for wtp.wt_assert

Synonym WT_ASSERT created.

old:create or replace public synonym wt_profiler       for &schema_owner..wt_profiler
new:create or replace public synonym wt_profiler       for wtp.wt_profiler

Synonym WT_PROFILER created.

old:create or replace public synonym wt_result         for &schema_owner..wt_result
new:create or replace public synonym wt_result         for wtp.wt_result

Synonym WT_RESULT created.

old:create or replace public synonym wt_text_report    for &schema_owner..wt_text_report
new:create or replace public synonym wt_text_report    for wtp.wt_text_report

Synonym WT_TEXT_REPORT created.

old:create or replace public synonym wt_wtplsql        for &schema_owner..wtplsql
new:create or replace public synonym wt_wtplsql        for wtp.wtplsql

Synonym WT_WTPLSQL created.

old:create or replace public synonym wtplsql           for &schema_owner..wtplsql
new:create or replace public synonym wtplsql           for wtp.wtplsql

Synonym WTPLSQL created.

