old   1: create user &schema_owner. identified by &schema_owner.
new   1: create user wtp identified by wtp

User created.

old   1: grant connect, resource to &schema_owner.
new   1: grant connect, resource to wtp

Grant succeeded.


PLSQL_CCFLAGS                                                                   
--------------------------------------------------------------------------------
WTPLSQL_ENABLE:TRUE, WTPLSQL_SELFTEST:TRUE                                      


PL/SQL procedure successfully completed.


PLSQL_CCFLAGS                                                                   
--------------------------------------------------------------------------------
WTPLSQL_ENABLE:TRUE, WTPLSQL_SELFTEST:TRUE                                      

old   1: create or replace public synonym wt_test_runs_seq  for &schema_owner..wt_test_runs_seq
new   1: create or replace public synonym wt_test_runs_seq  for wtp.wt_test_runs_seq

Synonym created.

old   1: create or replace public synonym wt_test_runs      for &schema_owner..wt_test_runs
new   1: create or replace public synonym wt_test_runs      for wtp.wt_test_runs

Synonym created.

old   1: create or replace public synonym wt_results        for &schema_owner..wt_results
new   1: create or replace public synonym wt_results        for wtp.wt_results

Synonym created.

old   1: create or replace public synonym wt_dbout_profiles for &schema_owner..wt_dbout_profiles
new   1: create or replace public synonym wt_dbout_profiles for wtp.wt_dbout_profiles

Synonym created.

old   1: create or replace public synonym wt_not_executable for &schema_owner..wt_not_executable
new   1: create or replace public synonym wt_not_executable for wtp.wt_not_executable

Synonym created.

old   1: create or replace public synonym wt_assert         for &schema_owner..wt_assert
new   1: create or replace public synonym wt_assert         for wtp.wt_assert

Synonym created.

old   1: create or replace public synonym wt_profiler       for &schema_owner..wt_profiler
new   1: create or replace public synonym wt_profiler       for wtp.wt_profiler

Synonym created.

old   1: create or replace public synonym wt_result         for &schema_owner..wt_result
new   1: create or replace public synonym wt_result         for wtp.wt_result

Synonym created.

old   1: create or replace public synonym wt_text_report    for &schema_owner..wt_text_report
new   1: create or replace public synonym wt_text_report    for wtp.wt_text_report

Synonym created.

old   1: create or replace public synonym wt_wtplsql        for &schema_owner..wtplsql
new   1: create or replace public synonym wt_wtplsql        for wtp.wtplsql

Synonym created.

old   1: create or replace public synonym wtplsql           for &schema_owner..wtplsql
new   1: create or replace public synonym wtplsql           for wtp.wtplsql

Synonym created.

Connected.
drop table plsql_profiler_data cascade constraints
           *
ERROR at line 1:
ORA-00942: table or view does not exist 


drop table plsql_profiler_units cascade constraints
           *
ERROR at line 1:
ORA-00942: table or view does not exist 


drop table plsql_profiler_runs cascade constraints
           *
ERROR at line 1:
ORA-00942: table or view does not exist 


drop sequence plsql_profiler_runnumber
              *
ERROR at line 1:
ORA-02289: sequence does not exist 



Table created.


Comment created.


Table created.


Comment created.


Table created.


Comment created.


Sequence created.


Sequence created.


Table created.


Comment created.


Comment created.


Comment created.


Comment created.


Comment created.


Comment created.


Comment created.


Comment created.


Comment created.


Comment created.


Comment created.


Comment created.


Grant succeeded.


Grant succeeded.


Table created.


Comment created.


Comment created.


Comment created.


Comment created.


Comment created.


Comment created.


Comment created.


Comment created.


Comment created.


Comment created.


Grant succeeded.


Grant succeeded.


Table created.


Comment created.


Comment created.


Comment created.


Comment created.


Comment created.


Comment created.


Comment created.


Comment created.


Comment created.


Grant succeeded.


Grant succeeded.


Grant succeeded.


Table created.


Comment created.


Comment created.


Comment created.


Grant succeeded.


Package created.


Grant succeeded.


Package created.


Grant succeeded.


Package created.


Grant succeeded.


Package created.


Grant succeeded.


Package created.


Grant succeeded.


Package body created.


Package body created.


Package body created.


Package body created.


Package body created.


Package body created.

