old: showmode BOTH

PL/SQL procedure successfully completed.

old   1: create user &schema_owner. identified by &schema_owner.
new   1: create user wtp identified by wtp

User created.

old   1: grant create session        to &schema_owner.
new   1: grant create session        to wtp

Grant succeeded.

old   1: grant create type           to &schema_owner.
new   1: grant create type           to wtp

Grant succeeded.

old   1: grant create sequence       to &schema_owner.
new   1: grant create sequence       to wtp

Grant succeeded.

old   1: grant create table          to &schema_owner.
new   1: grant create table          to wtp

Grant succeeded.

old   1: grant create trigger        to &schema_owner.
new   1: grant create trigger        to wtp

Grant succeeded.

old   1: grant create view           to &schema_owner.
new   1: grant create view           to wtp

Grant succeeded.

old   1: grant create procedure      to &schema_owner.
new   1: grant create procedure      to wtp

Grant succeeded.

old   1: grant create database link  to &schema_owner.
new   1: grant create database link  to wtp

Grant succeeded.

old   1: grant create job            to &schema_owner.
new   1: grant create job            to wtp

Grant succeeded.

old   1: grant create public synonym to &schema_owner.
new   1: grant create public synonym to wtp

Grant succeeded.

old   1: grant select on dba_objects       to &schema_owner.
new   1: grant select on dba_objects       to wtp

Grant succeeded.

old   1: grant select on dba_procedures    to &schema_owner.
new   1: grant select on dba_procedures    to wtp

Grant succeeded.

old   1: grant select on dba_source        to &schema_owner.
new   1: grant select on dba_source        to wtp

Grant succeeded.

old   1: grant select on sys.gv_$parameter to &schema_owner.
new   1: grant select on sys.gv_$parameter to wtp

Grant succeeded.

PLSQL_CCFLAGS Before: WTPLSQL_ENABLE:TRUE, WTPLSQL_SELFTEST:TRUE                

PL/SQL procedure successfully completed.


PL/SQL procedure successfully completed.

PLSQL_CCFLAGS After: WTPLSQL_ENABLE:TRUE, WTPLSQL_SELFTEST:TRUE                 

PL/SQL procedure successfully completed.

Connected.
old   2:    if USER != upper('&schema_owner')
new   2:    if USER != upper('wtp')
old   5:         'Not logged in as &schema_owner');
new   5:         'Not logged in as wtp');

PL/SQL procedure successfully completed.


Table created.


Comment created.


Comment created.


Comment created.


Comment created.


Comment created.


Table created.


Comment created.


Comment created.


Comment created.


Grant succeeded.

old   1: create or replace public synonym wt_version for &schema_owner..wt_versions
new   1: create or replace public synonym wt_version for wtp.wt_versions

Synonym created.


1 row created.


Commit complete.


Table created.


Comment created.


Comment created.


Comment created.


Comment created.


Comment created.


Comment created.


Trigger created.


PL/SQL procedure successfully completed.


Commit complete.


Package created.


Package created.


Package created.


Grant succeeded.


Synonym created.


Synonym created.


Package created.


Grant succeeded.


Synonym created.


Synonym created.


Package created.


Grant succeeded.


Synonym created.


Procedure created.


Procedure created.


Grant succeeded.


Synonym created.


Package body created.


Package body created.


Package body created.


Package body created.


Package body created.


1 row created.


1 row created.


1 row created.


Commit complete.

new: showmode BOTH
