old:begin
   if USER != upper('&schema_owner')
   then
      raise_application_error (-20000,
        'Not logged in as &schema_owner');
   end if;
end;

new:begin
   if USER != upper('wtp')
   then
      raise_application_error (-20000,
        'Not logged in as wtp');
   end if;
end;

PL/SQL procedure successfully completed.


Error starting at line : 46 File @ C:\Users\Duane\Documents\GitHub\wtPLSQL\src\core\proftab.sql
In command -
drop table plsql_profiler_data cascade constraints
Error report -
ORA-00942: table or view does not exist
00942. 00000 -  "table or view does not exist"
*Cause:    
*Action:

Error starting at line : 47 File @ C:\Users\Duane\Documents\GitHub\wtPLSQL\src\core\proftab.sql
In command -
drop table plsql_profiler_units cascade constraints
Error report -
ORA-00942: table or view does not exist
00942. 00000 -  "table or view does not exist"
*Cause:    
*Action:

Error starting at line : 48 File @ C:\Users\Duane\Documents\GitHub\wtPLSQL\src\core\proftab.sql
In command -
drop table plsql_profiler_runs cascade constraints
Error report -
ORA-00942: table or view does not exist
00942. 00000 -  "table or view does not exist"
*Cause:    
*Action:

Error starting at line : 50 File @ C:\Users\Duane\Documents\GitHub\wtPLSQL\src\core\proftab.sql
In command -
drop sequence plsql_profiler_runnumber
Error report -
ORA-02289: sequence does not exist
02289. 00000 -  "sequence does not exist"
*Cause:    The specified sequence does not exist, or the user does
           not have the required privilege to perform this operation.
*Action:   Make sure the sequence name is correct, and that you have
           the right to perform the desired operation on this sequence.

Table PLSQL_PROFILER_RUNS created.


Comment created.


Table PLSQL_PROFILER_UNITS created.


Comment created.


Table PLSQL_PROFILER_DATA created.


Comment created.


Sequence PLSQL_PROFILER_RUNNUMBER created.


Index PLSQL_PROFILER_RUNS_IDX1 created.


Grant succeeded.


Grant succeeded.


Grant succeeded.


Sequence WT_TEST_RUNS_SEQ created.


Table WT_TEST_RUNS created.


Index WT_TEST_RUNS_IDX1 created.


Comment created.


Comment created.


Comment created.


Comment created.


Comment created.


Comment created.


Comment created.


Comment created.


Comment created.


Comment created.


Comment created.


Comment created.


Grant succeeded.


Grant succeeded.


Grant succeeded.


Table WT_RESULTS created.


Comment created.


Comment created.


Comment created.


Comment created.


Comment created.


Comment created.


Comment created.


Comment created.


Comment created.


Comment created.


Grant succeeded.


Grant succeeded.


Grant succeeded.


Table WT_DBOUT_PROFILES created.


Comment created.


Comment created.


Comment created.


Comment created.


Comment created.


Comment created.


Comment created.


Comment created.


Comment created.


Comment created.


Grant succeeded.


Grant succeeded.


Grant succeeded.


Grant succeeded.


Table WT_NOT_EXECUTABLE created.


Comment created.


Comment created.


Comment created.


Grant succeeded.


Package WTPLSQL compiled


Grant succeeded.


Package WT_RESULT compiled


Grant succeeded.


Package WT_ASSERT compiled


Grant succeeded.


Package WT_PROFILER compiled


Grant succeeded.


Package WT_TEXT_REPORT compiled


Grant succeeded.


Package Body WTPLSQL compiled


Package Body WT_RESULT compiled


Package Body WT_ASSERT compiled

Errors: check compiler log

Package Body WT_PROFILER compiled


Package Body WT_TEXT_REPORT compiled

