
PL/SQL procedure successfully completed.

old:create user &schema_owner. identified by &schema_owner.
   default tablespace users
   quota unlimited on users
   temporary tablespace temp
new:create user wtp identified by wtp
   default tablespace users
   quota unlimited on users
   temporary tablespace temp

User WTP created.

old:grant create session   to &schema_owner.
new:grant create session   to wtp

Grant succeeded.

old:grant create type      to &schema_owner.
new:grant create type      to wtp

Grant succeeded.

old:grant create sequence  to &schema_owner.
new:grant create sequence  to wtp

Grant succeeded.

old:grant create table     to &schema_owner.
new:grant create table     to wtp

Grant succeeded.

old:grant create trigger   to &schema_owner.
new:grant create trigger   to wtp

Grant succeeded.

old:grant create view      to &schema_owner.
new:grant create view      to wtp

Grant succeeded.

old:grant create procedure to &schema_owner.
new:grant create procedure to wtp

Grant succeeded.

PLSQL_CCFLAGS Before: WTPLSQL_ENABLE:TRUE, WTPLSQL_SELFTEST:TRUE


PL/SQL procedure successfully completed.


PL/SQL procedure successfully completed.

PLSQL_CCFLAGS After: WTPLSQL_ENABLE:TRUE, WTPLSQL_SELFTEST:TRUE


PL/SQL procedure successfully completed.

old:create or replace public synonym wt_test_runs_seq  for &schema_owner..wt_test_runs_seq
new:create or replace public synonym wt_test_runs_seq  for wtp.wt_test_runs_seq

Synonym WT_TEST_RUNS_SEQ created.

old:create or replace public synonym wt_test_runs      for &schema_owner..wt_test_runs
new:create or replace public synonym wt_test_runs      for wtp.wt_test_runs

Synonym WT_TEST_RUNS created.

old:create or replace public synonym wt_results        for &schema_owner..wt_results
new:create or replace public synonym wt_results        for wtp.wt_results

Synonym WT_RESULTS created.

old:create or replace public synonym wt_dbout_profiles for &schema_owner..wt_dbout_profiles
new:create or replace public synonym wt_dbout_profiles for wtp.wt_dbout_profiles

Synonym WT_DBOUT_PROFILES created.

old:create or replace public synonym wt_version        for &schema_owner..wt_version
new:create or replace public synonym wt_version        for wtp.wt_version

Synonym WT_VERSION created.

old:create or replace public synonym plsql_profiler_runs      for &schema_owner..plsql_profiler_runs
new:create or replace public synonym plsql_profiler_runs      for wtp.plsql_profiler_runs

Synonym PLSQL_PROFILER_RUNS created.

old:create or replace public synonym plsql_profiler_units     for &schema_owner..plsql_profiler_units
new:create or replace public synonym plsql_profiler_units     for wtp.plsql_profiler_units

Synonym PLSQL_PROFILER_UNITS created.

old:create or replace public synonym plsql_profiler_data      for &schema_owner..plsql_profiler_data
new:create or replace public synonym plsql_profiler_data      for wtp.plsql_profiler_data

Synonym PLSQL_PROFILER_DATA created.

old:create or replace public synonym plsql_profiler_runnumber for &schema_owner..plsql_profiler_runnumber
new:create or replace public synonym plsql_profiler_runnumber for wtp.plsql_profiler_runnumber

Synonym PLSQL_PROFILER_RUNNUMBER created.

old:create or replace public synonym wt_assert         for &schema_owner..wt_assert
new:create or replace public synonym wt_assert         for wtp.wt_assert

Synonym WT_ASSERT created.

old:create or replace public synonym wt_profiler       for &schema_owner..wt_profiler
new:create or replace public synonym wt_profiler       for wtp.wt_profiler

Synonym WT_PROFILER created.

old:create or replace public synonym wt_result         for &schema_owner..wt_result
new:create or replace public synonym wt_result         for wtp.wt_result

Synonym WT_RESULT created.

old:create or replace public synonym wt_test_run_stat  for &schema_owner..wt_test_run_stat
new:create or replace public synonym wt_test_run_stat  for wtp.wt_test_run_stat

Synonym WT_TEST_RUN_STAT created.

old:create or replace public synonym wt_text_report    for &schema_owner..wt_text_report
new:create or replace public synonym wt_text_report    for wtp.wt_text_report

Synonym WT_TEXT_REPORT created.

old:create or replace public synonym wt_wtplsql        for &schema_owner..wtplsql
new:create or replace public synonym wt_wtplsql        for wtp.wtplsql

Synonym WT_WTPLSQL created.

old:create or replace public synonym wtplsql           for &schema_owner..wtplsql
new:create or replace public synonym wtplsql           for wtp.wtplsql

Synonym WTPLSQL created.

Connected.
old:begin
   if USER != upper('&schema_owner')
   then
      raise_application_error (-20000,
        'Not logged in as &schema_owner');
   end if;
end;

new:begin
   if USER != upper('wtp')
   then
      raise_application_error (-20000,
        'Not logged in as wtp');
   end if;
end;

PL/SQL procedure successfully completed.


Error starting at line : 46 File @ C:\Users\Duane\Documents\GitHub\wtPLSQL\src\core\proftab.sql
In command -
drop table plsql_profiler_data cascade constraints
Error report -
ORA-00942: table or view does not exist
00942. 00000 -  "table or view does not exist"
*Cause:    
*Action:

Error starting at line : 47 File @ C:\Users\Duane\Documents\GitHub\wtPLSQL\src\core\proftab.sql
In command -
drop table plsql_profiler_units cascade constraints
Error report -
ORA-00942: table or view does not exist
00942. 00000 -  "table or view does not exist"
*Cause:    
*Action:

Error starting at line : 48 File @ C:\Users\Duane\Documents\GitHub\wtPLSQL\src\core\proftab.sql
In command -
drop table plsql_profiler_runs cascade constraints
Error report -
ORA-00942: table or view does not exist
00942. 00000 -  "table or view does not exist"
*Cause:    
*Action:

Error starting at line : 50 File @ C:\Users\Duane\Documents\GitHub\wtPLSQL\src\core\proftab.sql
In command -
drop sequence plsql_profiler_runnumber
Error report -
ORA-02289: sequence does not exist
02289. 00000 -  "sequence does not exist"
*Cause:    The specified sequence does not exist, or the user does
           not have the required privilege to perform this operation.
*Action:   Make sure the sequence name is correct, and that you have
           the right to perform the desired operation on this sequence.

Table PLSQL_PROFILER_RUNS created.


Comment created.


Table PLSQL_PROFILER_UNITS created.


Comment created.


Table PLSQL_PROFILER_DATA created.


Comment created.


Sequence PLSQL_PROFILER_RUNNUMBER created.


Index PLSQL_PROFILER_RUNS_IDX1 created.


Grant succeeded.


Grant succeeded.


Grant succeeded.


Grant succeeded.


Table WT_VERSION created.


Comment created.


Comment created.


Comment created.


1 row inserted.


Commit complete.


Grant succeeded.


Sequence WT_TEST_RUNS_SEQ created.


Grant succeeded.


Table WT_TEST_RUNS created.


Index WT_TEST_RUNS_IDX1 created.


Comment created.


Comment created.


Comment created.


Comment created.


Comment created.


Comment created.


Comment created.


Comment created.


Comment created.


Comment created.


Comment created.


Comment created.


Grant succeeded.


Grant succeeded.


Grant succeeded.


Table WT_RESULTS created.


Comment created.


Comment created.


Comment created.


Comment created.


Comment created.


Comment created.


Comment created.


Comment created.


Comment created.


Comment created.


Grant succeeded.


Grant succeeded.


Table WT_DBOUT_PROFILES created.


Comment created.


Comment created.


Comment created.


Comment created.


Comment created.


Comment created.


Comment created.


Comment created.


Comment created.


Grant succeeded.


Grant succeeded.


Table WT_TEST_RUN_STATS created.


Comment created.


Comment created.


Comment created.


Comment created.


Comment created.


Comment created.


Comment created.


Comment created.


Comment created.


Comment created.


Comment created.


Comment created.


Comment created.


Comment created.


Comment created.


Comment created.


Comment created.


Comment created.


Comment created.


Comment created.


Comment created.


Comment created.


Comment created.


Grant succeeded.


Grant succeeded.


Table WT_TESTCASE_STATS created.


Comment created.


Comment created.


Comment created.


Comment created.


Comment created.


Comment created.


Comment created.


Comment created.


Comment created.


Comment created.


Comment created.


Comment created.


Grant succeeded.


Grant succeeded.


Table WT_SELF_TEST created.


Comment created.


Comment created.


Comment created.


Comment created.


Comment created.


Comment created.


Trigger WT_SELF_TEST$TEST compiled


PL/SQL procedure successfully completed.


Commit complete.


Package WTPLSQL compiled


Grant succeeded.


Package WT_RESULT compiled


Grant succeeded.


Package WT_ASSERT compiled


Grant succeeded.


Package WT_PROFILER compiled


Grant succeeded.


Package WT_TEST_RUN_STAT compiled


Grant succeeded.


Package WT_TEXT_REPORT compiled


Grant succeeded.


Package Body WTPLSQL compiled


Package Body WT_RESULT compiled


Package Body WT_ASSERT compiled


Package Body WT_PROFILER compiled


Package Body WT_TEST_RUN_STAT compiled


Package Body WT_TEXT_REPORT compiled

