old   1: create user &schema_owner. identified by &schema_owner.
new   1: create user wtp identified by wtp

User created.

old   1: grant connect, resource to &schema_owner.
new   1: grant connect, resource to wtp

Grant succeeded.


PLSQL_CCFLAGS                                                                   
--------------------------------------------------------------------------------
WTPLSQL_ENABLE:TRUE                                                             

   parm_value   v_$parameter.value%TYPE;
                *
ERROR at line 3:
ORA-06550: line 3, column 17: 
PLS-00201: identifier 'V_$PARAMETER.VALUE' must be declared 
ORA-06550: line 3, column 17: 
PL/SQL: Item ignored 
ORA-06550: line 10, column 11: 
PL/SQL: ORA-00942: table or view does not exist 
ORA-06550: line 9, column 4: 
PL/SQL: SQL Statement ignored 
ORA-06550: line 12, column 18: 
PLS-00320: the declaration of the type of this expression is incomplete or 
malformed 
ORA-06550: line 12, column 4: 
PL/SQL: Statement ignored 



PLSQL_CCFLAGS                                                                   
--------------------------------------------------------------------------------
WTPLSQL_ENABLE:TRUE                                                             

old   1: create or replace public synonym wt_test_runs_seq  for &schema_owner..wt_test_runs_seq
new   1: create or replace public synonym wt_test_runs_seq  for wtp.wt_test_runs_seq

Synonym created.

old   1: create or replace public synonym wt_test_runs      for &schema_owner..wt_test_runs
new   1: create or replace public synonym wt_test_runs      for wtp.wt_test_runs

Synonym created.

old   1: create or replace public synonym wt_results        for &schema_owner..wt_results
new   1: create or replace public synonym wt_results        for wtp.wt_results

Synonym created.

old   1: create or replace public synonym wt_dbout_profiles for &schema_owner..wt_dbout_profiles
new   1: create or replace public synonym wt_dbout_profiles for wtp.wt_dbout_profiles

Synonym created.

old   1: create or replace public synonym wt_not_executable for &schema_owner..wt_not_executable
new   1: create or replace public synonym wt_not_executable for wtp.wt_not_executable

Synonym created.

old   1: create or replace public synonym ut_assert         for &schema_owner..wt_assert
new   1: create or replace public synonym ut_assert         for wtp.wt_assert

Synonym created.

old   1: create or replace public synonym wt_assert         for &schema_owner..wt_assert
new   1: create or replace public synonym wt_assert         for wtp.wt_assert

Synonym created.

old   1: create or replace public synonym wt_profiler       for &schema_owner..wt_profiler
new   1: create or replace public synonym wt_profiler       for wtp.wt_profiler

Synonym created.

old   1: create or replace public synonym wt_result         for &schema_owner..wt_result
new   1: create or replace public synonym wt_result         for wtp.wt_result

Synonym created.

old   1: create or replace public synonym wt_text_report    for &schema_owner..wt_text_report
new   1: create or replace public synonym wt_text_report    for wtp.wt_text_report

Synonym created.

old   1: create or replace public synonym wt_wtplsql        for &schema_owner..wtplsql
new   1: create or replace public synonym wt_wtplsql        for wtp.wtplsql

Synonym created.

old   1: create or replace public synonym wtplsql           for &schema_owner..wtplsql
new   1: create or replace public synonym wtplsql           for wtp.wtplsql

Synonym created.

Connected.
drop table plsql_profiler_data cascade constraints
           *
ERROR at line 1:
ORA-00942: table or view does not exist 


drop table plsql_profiler_units cascade constraints
           *
ERROR at line 1:
ORA-00942: table or view does not exist 


drop table plsql_profiler_runs cascade constraints
           *
ERROR at line 1:
ORA-00942: table or view does not exist 


drop sequence plsql_profiler_runnumber
              *
ERROR at line 1:
ORA-02289: sequence does not exist 



Table created.


Comment created.


Table created.


Comment created.


Table created.


Comment created.


Sequence created.


Sequence created.


Table created.


Comment created.


Comment created.


Comment created.


Comment created.


Comment created.


Comment created.


Comment created.


Comment created.


Comment created.


Comment created.


Comment created.


Grant succeeded.


Grant succeeded.


Table created.


Comment created.


Comment created.


Comment created.


Comment created.


Comment created.


Comment created.


Comment created.


Comment created.


Comment created.


Comment created.


Grant succeeded.


Grant succeeded.


Table created.


Comment created.


Comment created.


Comment created.


Comment created.


Comment created.


Comment created.


Comment created.


Comment created.


Comment created.


Grant succeeded.


Grant succeeded.


Grant succeeded.


Table created.


Comment created.


Comment created.


Comment created.


Grant succeeded.


Package created.


Grant succeeded.


Package created.

grant execute on result to public
                 *
ERROR at line 1:
ORA-04042: procedure, function, package, or package body does not exist 



Package created.

grant execute on assert to public
                 *
ERROR at line 1:
ORA-04042: procedure, function, package, or package body does not exist 



Package created.

grant execute on profiler to public
                 *
ERROR at line 1:
ORA-04042: procedure, function, package, or package body does not exist 



Package created.

grant execute on text_report to public
                 *
ERROR at line 1:
ORA-04042: procedure, function, package, or package body does not exist 



Warning: Package Body created with compilation errors.


Warning: Package Body created with compilation errors.


Warning: Package Body created with compilation errors.


Warning: Package Body created with compilation errors.


Warning: Package Body created with compilation errors.


Warning: Package Body created with compilation errors.

