
    wtPLSQL 1.1.0 - Run ID 1: 29-Jun-2018 12:04:05 AM

  Test Results for WTP.WTPLSQL
       Total Test Cases:       10       Total Assertions:       34
  Minimum Interval msec:        0      Failed Assertions:        0
  Average Interval msec:        4       Error Assertions:        0
  Maximum Interval msec:       71             Test Yield:   100.00%
   Total Run Time (sec):      0.2


    wtPLSQL 1.1.0 - Run ID 2: 29-Jun-2018 12:04:05 AM

  Test Results for WTP.WT_ASSERT
       Total Test Cases:      150       Total Assertions:      404
  Minimum Interval msec:        0      Failed Assertions:        0
  Average Interval msec:       11       Error Assertions:        0
  Maximum Interval msec:      568             Test Yield:   100.00%
   Total Run Time (sec):      4.5

  Code Coverage for PACKAGE BODY WTP.WT_ASSERT
          Ignored Lines:     1103   Total Profiled Lines:     1464
         Excluded Lines:        7   Total Executed Lines:      309
  Minimum LineExec usec:        0     Not Executed Lines:        0
  Average LineExec usec:      674          Unknown Lines:       45
  Maximum LineExec usec:   244733          Code Coverage:   100.00%
  Trigger Source Offset:        0


    wtPLSQL 1.1.0 - Run ID 3: 29-Jun-2018 12:04:10 AM

  Test Results for WTP.WT_PROFILER
       Total Test Cases:       41       Total Assertions:      265
  Minimum Interval msec:        0      Failed Assertions:        0
  Average Interval msec:        5       Error Assertions:        0
  Maximum Interval msec:      136             Test Yield:   100.00%
   Total Run Time (sec):      1.4

  Code Coverage for PACKAGE BODY WTP.WT_PROFILER
          Ignored Lines:      534   Total Profiled Lines:      696
         Excluded Lines:        2   Total Executed Lines:      145
  Minimum LineExec usec:        0     Not Executed Lines:        3
  Average LineExec usec:      740          Unknown Lines:       12
  Maximum LineExec usec:    96227          Code Coverage:    98.00%
  Trigger Source Offset:        0


    wtPLSQL 1.1.0 - Run ID 4: 29-Jun-2018 12:04:12 AM

  Test Results for WTP.WT_RESULT
       Total Test Cases:        7       Total Assertions:       35
  Minimum Interval msec:        0      Failed Assertions:        0
  Average Interval msec:        4       Error Assertions:        0
  Maximum Interval msec:      115             Test Yield:   100.00%
   Total Run Time (sec):      0.1

  Code Coverage for PACKAGE BODY WTP.WT_RESULT
          Ignored Lines:      144   Total Profiled Lines:      185
         Excluded Lines:        2   Total Executed Lines:       36
  Minimum LineExec usec:        0     Not Executed Lines:        1
  Average LineExec usec:       32          Unknown Lines:        2
  Maximum LineExec usec:      633          Code Coverage:    97.30%
  Trigger Source Offset:        0


    wtPLSQL 1.1.0 - Run ID 5: 29-Jun-2018 12:04:13 AM

  Test Results for WTP.WT_TEST_RUN_STAT
       Total Test Cases:       12       Total Assertions:      108
  Minimum Interval msec:        0      Failed Assertions:        0
  Average Interval msec:        1       Error Assertions:        0
  Maximum Interval msec:      101             Test Yield:   100.00%
   Total Run Time (sec):      0.1

  Code Coverage for PACKAGE BODY WTP.WT_TEST_RUN_STAT
          Ignored Lines:      302   Total Profiled Lines:      402
         Excluded Lines:        2   Total Executed Lines:       94
  Minimum LineExec usec:        0     Not Executed Lines:        0
  Average LineExec usec:       13          Unknown Lines:        4
  Maximum LineExec usec:      609          Code Coverage:   100.00%
  Trigger Source Offset:        0



PL/SQL procedure successfully completed.

