=== DBI Started: ./installation_prepare.sql

Create_Temp_Publicly_Updateable_Table_SQL

Table created.


Grant succeeded.

=== DBI Completed at 2024-04-03T16:07:38 for a duration of .1 seconds (started at 2024-04-03T16:07:38)
=== DBI Started: WTP/JUNIT_CORE_REPORT.pspec

Package created.

=== DBI Completed at 2024-04-03T16:07:38 for a duration of .12 seconds (started at 2024-04-03T16:07:38)
=== DBI Started: WTP/HOOKS.cdl

Disable Triggers and Foreign Keys

PL/SQL procedure successfully completed.


sqlldr_control=WTP/HOOKS.ctl


PL/SQL procedure successfully completed.

=== DBI Completed at 2024-04-03T16:07:40 for a duration of 1.35 seconds (started at 2024-04-03T16:07:38)
=== DBI Started: WTP/JUNIT_CORE_REPORT.pbody

Package body created.

=== DBI Completed at 2024-04-03T16:07:40 for a duration of .08 seconds (started at 2024-04-03T16:07:40)
=== DBI Started: ./installation_finalize.sql

Drop_Temp_Publicly_Updateable_Table_SQL

Table dropped.


alter_foreign_keys_ENABLE
Alter Foreign Keys for wtpjun Install Type
-- WTP Alter Foreign Keys is done.

PL/SQL procedure successfully completed.


alter_triggers_ENABLE
Alter Triggers for wtpjun Install Type
alter trigger "WTP"."WT_SELF_TEST$TEST" ENABLE;
-- WTP Alter Triggers is done.

PL/SQL procedure successfully completed.


update_id_sequences
Update ID Sequences for wtpjun Install Type
-- WTP Identity Sequence Updates is done.

PL/SQL procedure successfully completed.


Load Installation Files

Confirm/Create odbcapture_installation_logs Table

PL/SQL procedure successfully completed.


sqlldr_control=./odbcapture_installation_logs.ctl


PL/SQL procedure successfully completed.


compile_all
Compile All for wtpjun Install Type
-- WTP Compile All is done.

PL/SQL procedure successfully completed.

=== DBI Completed at 2024-04-03T16:07:42 for a duration of 2.58 seconds (started at 2024-04-03T16:07:40)
