old: showmode BOTH

PL/SQL procedure successfully completed.

old:revoke connect, resource from &schema_owner.
new:revoke connect, resource from wtp

Revoke succeeded.

old:alter user &schema_owner. quota unlimited on USERS
new:alter user wtp quota unlimited on USERS

User WTP altered.

old:grant create session       to &schema_owner.
new:grant create session       to wtp

Grant succeeded.

old:grant create type          to &schema_owner.
new:grant create type          to wtp

Grant succeeded.

old:grant create sequence      to &schema_owner.
new:grant create sequence      to wtp

Grant succeeded.

old:grant create table         to &schema_owner.
new:grant create table         to wtp

Grant succeeded.

old:grant create trigger       to &schema_owner.
new:grant create trigger       to wtp

Grant succeeded.

old:grant create view          to &schema_owner.
new:grant create view          to wtp

Grant succeeded.

old:grant create procedure     to &schema_owner.
new:grant create procedure     to wtp

Grant succeeded.

old:grant select on dba_source to &schema_owner.
new:grant select on dba_source to wtp

Grant succeeded.

old:grant select on dba_objects to &schema_owner.
new:grant select on dba_objects to wtp

Grant succeeded.


Synonym WT_NOT_EXECUTABLE dropped.


Synonym PLSQL_PROFILER_RUNS dropped.


Synonym PLSQL_PROFILER_UNITS dropped.


Synonym PLSQL_PROFILER_DATA dropped.


Synonym WT_PROFILER dropped.


Synonym WT_RESULT dropped.

old:create or replace public synonym utassert          for &schema_owner..wt_assert
new:create or replace public synonym utassert          for wtp.wt_assert

Synonym UTASSERT created.

old:create or replace public synonym wt_version        for &schema_owner..wt_version
new:create or replace public synonym wt_version        for wtp.wt_version

Synonym WT_VERSION created.

old:create or replace public synonym wt_test_runs_seq  for &schema_owner..wt_test_runs_seq
new:create or replace public synonym wt_test_runs_seq  for wtp.wt_test_runs_seq

Synonym WT_TEST_RUNS_SEQ created.

old:create or replace public synonym wt_test_run_stats for &schema_owner..wt_test_run_stats
new:create or replace public synonym wt_test_run_stats for wtp.wt_test_run_stats

Synonym WT_TEST_RUN_STATS created.

old:create or replace public synonym wt_testcase_stats for &schema_owner..wt_testcase_stats
new:create or replace public synonym wt_testcase_stats for wtp.wt_testcase_stats

Synonym WT_TESTCASE_STATS created.

old:create or replace public synonym wt_self_test      for &schema_owner..wt_self_test
new:create or replace public synonym wt_self_test      for wtp.wt_self_test

Synonym WT_SELF_TEST created.

Connected.
old:begin
   if USER != upper('&schema_owner')
   then
      raise_application_error (-20000,
        'Not logged in as &schema_owner');
   end if;
end;

new:begin
   if USER != upper('wtp')
   then
      raise_application_error (-20000,
        'Not logged in as wtp');
   end if;
end;

PL/SQL procedure successfully completed.


Comment created.


Comment created.


Comment created.


Comment created.


Comment created.


Comment created.


Comment created.


Comment created.


Comment created.


Comment created.


Comment created.


Comment created.


Comment created.


Comment created.


Comment created.


Comment created.


Comment created.


Comment created.


Comment created.


Comment created.


Comment created.


Comment created.


Comment created.


Comment created.


Comment created.


Comment created.


Comment created.


Comment created.


Comment created.


Comment created.


Comment created.


Comment created.


Grant succeeded.


Table WT_TEST_DATA dropped.


Revoke succeeded.


Revoke succeeded.


Revoke succeeded.


Revoke succeeded.


Revoke succeeded.


Revoke succeeded.


Error starting at line : 6 File @ C:\Users\Duane\Documents\GitHub\wtPLSQL\src\core\upgrades\V1.0.0_to_Current\..\..\wt_version.tab
In command -
create table wt_version
   (install_dtm    date
   ,action         varchar2(15)
   ,text           varchar2(15)
   ) pctfree 0
Error report -
ORA-00955: name is already used by an existing object
00955. 00000 -  "name is already used by an existing object"
*Cause:
*Action:

Comment created.


Comment created.


Comment created.


1 row inserted.


Commit complete.


Grant succeeded.


1 row deleted.


1 row inserted.


1 row inserted.


Table WT_TESTCASE_STATS created.


Comment created.


Comment created.


Comment created.


Comment created.


Comment created.


Comment created.


Comment created.


Comment created.


Comment created.


Comment created.


Comment created.


Comment created.


Grant succeeded.


Grant succeeded.


Table WT_TEST_RUN_STATS created.


Comment created.


Comment created.


Comment created.


Comment created.


Comment created.


Comment created.


Comment created.


Comment created.


Comment created.


Comment created.


Comment created.


Comment created.


Comment created.


Comment created.


Comment created.


Comment created.


Comment created.


Comment created.


Comment created.


Comment created.


Comment created.


Comment created.


Comment created.


Grant succeeded.


Grant succeeded.


Table WT_SELF_TEST created.


Comment created.


Comment created.


Comment created.


Comment created.


Comment created.


Comment created.


Trigger WT_SELF_TEST$TEST compiled


PL/SQL procedure successfully completed.


Commit complete.


Grant succeeded.


Table WT_RESULTS altered.


Comment created.


Table WT_DBOUT_PROFILES altered.


Table WT_DBOUT_PROFILES altered.


Table WT_DBOUT_PROFILES altered.


Comment created.


Comment created.


Comment created.


Comment created.


Table WT_DBOUT_PROFILES altered.


1,502 rows updated.


Table WT_DBOUT_PROFILES altered.



PL/SQL procedure successfully completed.



PL/SQL procedure successfully completed.


Package WTPLSQL compiled


Package WT_RESULT compiled


Package WT_ASSERT compiled


Package WT_PROFILER compiled


Package WT_TEST_RUN_STAT compiled


Package WT_TEXT_REPORT compiled


Grant succeeded.


Grant succeeded.


Grant succeeded.


Package Body WTPLSQL compiled


Package Body WT_RESULT compiled


Package Body WT_ASSERT compiled


Package Body WT_PROFILER compiled


Package Body WT_TEST_RUN_STAT compiled


Package Body WT_TEXT_REPORT compiled

new: showmode BOTH
