=== DBI Started: ./installation_prepare.sql

Create_Temp_Publicly_Updateable_Table_SQL

Table created.


Grant succeeded.

=== DBI Completed at 2024-04-03T16:07:44 for a duration of .1 seconds (started at 2024-04-03T16:07:44)
=== DBI Started: WTP/PLSQL_PROFILER_RUNNUMBER.seq

Sequence created.

=== DBI Completed at 2024-04-03T16:07:44 for a duration of .07 seconds (started at 2024-04-03T16:07:44)
=== DBI Started: WTP/WT_DBOUTS_SEQ.seq

Sequence created.

=== DBI Completed at 2024-04-03T16:07:44 for a duration of .05 seconds (started at 2024-04-03T16:07:44)
=== DBI Started: WTP/WT_TESTCASES_SEQ.seq

Sequence created.

=== DBI Completed at 2024-04-03T16:07:44 for a duration of .06 seconds (started at 2024-04-03T16:07:44)
=== DBI Started: WTP/WT_TEST_RUNNERS_SEQ.seq

Sequence created.

=== DBI Completed at 2024-04-03T16:07:45 for a duration of .06 seconds (started at 2024-04-03T16:07:44)
=== DBI Started: WTP/WT_TEST_RUNS_SEQ.seq

Sequence created.


Grant succeeded.

=== DBI Completed at 2024-04-03T16:07:45 for a duration of .09 seconds (started at 2024-04-03T16:07:45)
=== DBI Started: WTP/JUNIT_XML_PERSIST_ALL.proc

Warning: Procedure created with compilation errors.

=== DBI Completed at 2024-04-03T16:07:45 for a duration of .09 seconds (started at 2024-04-03T16:07:45)
=== DBI Started: WTP/WT_DBOUT.pspec

Package created.

=== DBI Completed at 2024-04-03T16:07:45 for a duration of .07 seconds (started at 2024-04-03T16:07:45)
=== DBI Started: WTP/WT_JOB.pspec

Package created.

=== DBI Completed at 2024-04-03T16:07:45 for a duration of .05 seconds (started at 2024-04-03T16:07:45)
=== DBI Started: WTP/WT_PERSIST_REPORT.pspec

Package created.

=== DBI Completed at 2024-04-03T16:07:45 for a duration of .06 seconds (started at 2024-04-03T16:07:45)
=== DBI Started: WTP/WT_PROFILE.pspec

Warning: Package created with compilation errors.

=== DBI Completed at 2024-04-03T16:07:45 for a duration of .07 seconds (started at 2024-04-03T16:07:45)
=== DBI Started: WTP/WT_RESULT.pspec

Package created.

=== DBI Completed at 2024-04-03T16:07:45 for a duration of .06 seconds (started at 2024-04-03T16:07:45)
=== DBI Started: WTP/WT_TESTCASE.pspec

Package created.

=== DBI Completed at 2024-04-03T16:07:45 for a duration of .06 seconds (started at 2024-04-03T16:07:45)
=== DBI Started: WTP/WT_TEST_RUN.pspec

Package created.

=== DBI Completed at 2024-04-03T16:07:45 for a duration of .06 seconds (started at 2024-04-03T16:07:45)
=== DBI Started: WTP/WT_TEST_RUNNER.pspec

Package created.

=== DBI Completed at 2024-04-03T16:07:45 for a duration of .07 seconds (started at 2024-04-03T16:07:45)
=== DBI Started: WTP/PLSQL_PROFILER_DATA.tab

Table created.


Table altered.


Comment created.


Comment created.


Comment created.


Comment created.


Comment created.


Comment created.


Comment created.


Comment created.


Comment created.


Comment created.


Comment created.


Comment created.

=== DBI Completed at 2024-04-03T16:07:46 for a duration of .46 seconds (started at 2024-04-03T16:07:45)
=== DBI Started: WTP/PLSQL_PROFILER_RUNS.tab

Table created.


Table altered.


Comment created.


Comment created.


Comment created.


Comment created.


Comment created.


Comment created.


Comment created.


Comment created.


Comment created.


Comment created.

=== DBI Completed at 2024-04-03T16:07:46 for a duration of .35 seconds (started at 2024-04-03T16:07:46)
=== DBI Started: WTP/PLSQL_PROFILER_UNITS.tab

Table created.


Table altered.


Comment created.


Comment created.


Comment created.


Comment created.


Comment created.


Comment created.


Comment created.


Comment created.


Comment created.


Comment created.

=== DBI Completed at 2024-04-03T16:07:47 for a duration of .35 seconds (started at 2024-04-03T16:07:46)
=== DBI Started: WTP/WT_DBOUTS.tab

Table created.


Table altered.


Table altered.


Comment created.


Comment created.


Comment created.


Comment created.


Comment created.


Grant succeeded.


Grant succeeded.

=== DBI Completed at 2024-04-03T16:07:47 for a duration of .36 seconds (started at 2024-04-03T16:07:47)
=== DBI Started: WTP/WT_DBOUT_RUNS.tab

Table created.


Table altered.


Table altered.


Comment created.


Comment created.


Comment created.


Comment created.


Comment created.


Comment created.


Comment created.


Comment created.


Comment created.


Comment created.


Comment created.


Comment created.


Comment created.


Comment created.


Comment created.


Grant succeeded.


Grant succeeded.


Grant succeeded.

=== DBI Completed at 2024-04-03T16:07:48 for a duration of .71 seconds (started at 2024-04-03T16:07:47)
=== DBI Started: WTP/WT_PROFILES.tab

Table created.


Table altered.


Comment created.


Comment created.


Comment created.


Comment created.


Comment created.


Comment created.


Comment created.


Comment created.


Comment created.


Grant succeeded.


Grant succeeded.

=== DBI Completed at 2024-04-03T16:07:48 for a duration of .44 seconds (started at 2024-04-03T16:07:48)
=== DBI Started: WTP/WT_RESULTS.tab

Table created.


Table altered.


Comment created.


Comment created.


Comment created.


Comment created.


Comment created.


Comment created.


Comment created.


Comment created.


Comment created.


Comment created.


Grant succeeded.


Grant succeeded.

=== DBI Completed at 2024-04-03T16:07:49 for a duration of .42 seconds (started at 2024-04-03T16:07:48)
=== DBI Started: WTP/WT_TESTCASES.tab

Table created.


Table altered.


Table altered.


Comment created.


Comment created.


Comment created.


Grant succeeded.


Grant succeeded.

=== DBI Completed at 2024-04-03T16:07:49 for a duration of .35 seconds (started at 2024-04-03T16:07:49)
=== DBI Started: WTP/WT_TESTCASE_RUNS.tab

Table created.


Table altered.


Comment created.


Comment created.


Comment created.


Comment created.


Comment created.


Comment created.


Comment created.


Comment created.


Comment created.


Comment created.


Comment created.


Grant succeeded.


Grant succeeded.

=== DBI Completed at 2024-04-03T16:07:49 for a duration of .45 seconds (started at 2024-04-03T16:07:49)
=== DBI Started: WTP/WT_TEST_RUNNERS.tab

Table created.


Table altered.


Table altered.


Comment created.


Comment created.


Comment created.


Comment created.


Grant succeeded.


Grant succeeded.

=== DBI Completed at 2024-04-03T16:07:50 for a duration of .32 seconds (started at 2024-04-03T16:07:49)
=== DBI Started: WTP/WT_TEST_RUNS.tab

Table created.


Table altered.


Table altered.


Comment created.


Comment created.


Comment created.


Comment created.


Comment created.


Comment created.


Comment created.


Comment created.


Comment created.


Comment created.


Comment created.


Comment created.


Comment created.


Comment created.


Comment created.


Comment created.


Comment created.


Comment created.


Comment created.


Comment created.


Comment created.


Grant succeeded.


Grant succeeded.


Grant succeeded.

=== DBI Completed at 2024-04-03T16:07:50 for a duration of .76 seconds (started at 2024-04-03T16:07:50)
=== DBI Started: WTP/PLSQL_PROFILER_RUNS.tabind

Index created.

=== DBI Completed at 2024-04-03T16:07:51 for a duration of .07 seconds (started at 2024-04-03T16:07:50)
=== DBI Started: WTP/WT_DBOUTS.tabind

Index created.

=== DBI Completed at 2024-04-03T16:07:51 for a duration of .07 seconds (started at 2024-04-03T16:07:51)
=== DBI Started: WTP/WT_RESULTS.tabind

Index created.

=== DBI Completed at 2024-04-03T16:07:51 for a duration of .07 seconds (started at 2024-04-03T16:07:51)
=== DBI Started: WTP/WT_TESTCASE_RUNS.tabind

Index created.

=== DBI Completed at 2024-04-03T16:07:51 for a duration of .08 seconds (started at 2024-04-03T16:07:51)
=== DBI Started: WTP/WT_TEST_RUNS.tabind

Index created.


Index created.

=== DBI Completed at 2024-04-03T16:07:51 for a duration of .14 seconds (started at 2024-04-03T16:07:51)
=== DBI Started: WTP/WT_DBOUT_RUNS_VW.vw

View created.


Grant succeeded.


View created.


Comment created.


Comment created.


Comment created.


Comment created.


Comment created.


Comment created.


Comment created.


Comment created.


Comment created.


Comment created.


Comment created.


Comment created.


Comment created.


Comment created.


Comment created.


Comment created.


Comment created.


Comment created.


Comment created.


Comment created.


Comment created.


Comment created.


Comment created.


Comment created.


Comment created.


Comment created.


Grant succeeded.

=== DBI Completed at 2024-04-03T16:07:52 for a duration of .77 seconds (started at 2024-04-03T16:07:51)
=== DBI Started: WTP/WT_PROFILES_VW.vw

View created.


Grant succeeded.


View created.


Comment created.


Comment created.


Comment created.


Comment created.


Comment created.


Comment created.


Comment created.


Comment created.


Comment created.


Comment created.


Comment created.


Comment created.


Comment created.


Comment created.


Comment created.


Comment created.


Grant succeeded.

=== DBI Completed at 2024-04-03T16:07:52 for a duration of .58 seconds (started at 2024-04-03T16:07:52)
=== DBI Started: WTP/WT_RESULTS_VW.vw

View created.


Grant succeeded.


View created.


Comment created.


Comment created.


Comment created.


Comment created.


Comment created.


Comment created.


Comment created.


Comment created.


Comment created.


Comment created.


Comment created.


Comment created.


Comment created.


Comment created.


Comment created.


Comment created.


Comment created.


Comment created.


Grant succeeded.

=== DBI Completed at 2024-04-03T16:07:53 for a duration of .58 seconds (started at 2024-04-03T16:07:52)
=== DBI Started: WTP/WT_SCHEDULER_JOBS_VW.vw

View created.


View created.


Comment created.


Comment created.


Comment created.


Comment created.


Comment created.


Comment created.


Comment created.


Comment created.


Comment created.


Comment created.

=== DBI Completed at 2024-04-03T16:07:53 for a duration of .44 seconds (started at 2024-04-03T16:07:53)
=== DBI Started: WTP/WT_TESTCASE_RUNS_VW.vw

View created.


Grant succeeded.


View created.


Comment created.


Comment created.


Comment created.


Comment created.


Comment created.


Comment created.


Comment created.


Comment created.


Comment created.


Comment created.


Comment created.


Comment created.


Comment created.


Comment created.


Comment created.


Comment created.


Comment created.


Grant succeeded.

=== DBI Completed at 2024-04-03T16:07:54 for a duration of .55 seconds (started at 2024-04-03T16:07:53)
=== DBI Started: WTP/WT_TEST_RUNS_VW.vw

View created.


Grant succeeded.


View created.


Comment created.


Comment created.


Comment created.


Comment created.


Comment created.


Comment created.


Comment created.


Comment created.


Comment created.


Comment created.


Comment created.


Comment created.


Comment created.


Comment created.


Comment created.


Comment created.


Comment created.


Comment created.


Comment created.


Comment created.


Comment created.


Comment created.


Grant succeeded.

=== DBI Completed at 2024-04-03T16:07:55 for a duration of .67 seconds (started at 2024-04-03T16:07:54)
=== DBI Started: WTP/WT_DBOUT.pbody

Package body created.

=== DBI Completed at 2024-04-03T16:07:55 for a duration of .09 seconds (started at 2024-04-03T16:07:55)
=== DBI Started: WTP/WT_JOB.pbody

Package body created.

=== DBI Completed at 2024-04-03T16:07:55 for a duration of .09 seconds (started at 2024-04-03T16:07:55)
=== DBI Started: WTP/WT_PERSIST_REPORT.pbody

Package body created.

=== DBI Completed at 2024-04-03T16:07:55 for a duration of .13 seconds (started at 2024-04-03T16:07:55)
=== DBI Started: WTP/WT_PROFILE.pbody

Package body created.

=== DBI Completed at 2024-04-03T16:07:55 for a duration of .2 seconds (started at 2024-04-03T16:07:55)
=== DBI Started: WTP/WT_RESULT.pbody

Package body created.

=== DBI Completed at 2024-04-03T16:07:55 for a duration of .09 seconds (started at 2024-04-03T16:07:55)
=== DBI Started: WTP/WT_TESTCASE.pbody

Package body created.

=== DBI Completed at 2024-04-03T16:07:55 for a duration of .08 seconds (started at 2024-04-03T16:07:55)
=== DBI Started: WTP/WT_TEST_RUN.pbody

Package body created.

=== DBI Completed at 2024-04-03T16:07:55 for a duration of .1 seconds (started at 2024-04-03T16:07:55)
=== DBI Started: WTP/WT_TEST_RUNNER.pbody

Package body created.

=== DBI Completed at 2024-04-03T16:07:56 for a duration of .12 seconds (started at 2024-04-03T16:07:55)
=== DBI Started: WTP/PLSQL_PROFILER_DATA.tabfk

Table altered.

=== DBI Completed at 2024-04-03T16:07:56 for a duration of .07 seconds (started at 2024-04-03T16:07:56)
=== DBI Started: WTP/PLSQL_PROFILER_UNITS.tabfk

Table altered.

=== DBI Completed at 2024-04-03T16:07:56 for a duration of .08 seconds (started at 2024-04-03T16:07:56)
=== DBI Started: WTP/WT_DBOUT_RUNS.tabfk

Table altered.


Table altered.

=== DBI Completed at 2024-04-03T16:07:56 for a duration of .13 seconds (started at 2024-04-03T16:07:56)
=== DBI Started: WTP/WT_PROFILES.tabfk

Table altered.

=== DBI Completed at 2024-04-03T16:07:56 for a duration of .07 seconds (started at 2024-04-03T16:07:56)
=== DBI Started: WTP/WT_RESULTS.tabfk

Table altered.


Table altered.

=== DBI Completed at 2024-04-03T16:07:56 for a duration of .12 seconds (started at 2024-04-03T16:07:56)
=== DBI Started: WTP/WT_TESTCASE_RUNS.tabfk

Table altered.


Table altered.

=== DBI Completed at 2024-04-03T16:07:56 for a duration of .12 seconds (started at 2024-04-03T16:07:56)
=== DBI Started: WTP/WT_TEST_RUNS.tabfk

Table altered.


Table altered.

=== DBI Completed at 2024-04-03T16:07:56 for a duration of .15 seconds (started at 2024-04-03T16:07:56)
=== DBI Started: ./installation_finalize.sql

Drop_Temp_Publicly_Updateable_Table_SQL

Table dropped.


alter_foreign_keys_ENABLE
Alter Foreign Keys for wtpsav Install Type
alter table "WTP"."PLSQL_PROFILER_DATA" ENABLE constraint "PLSQL_PROFILER_DATA_FK1";
alter table "WTP"."PLSQL_PROFILER_UNITS" ENABLE constraint "PLSQL_PROFILER_UNITS_FK1";
alter table "WTP"."WT_DBOUT_RUNS" ENABLE constraint "WT_DBOUT_RUNS_FK1";
alter table "WTP"."WT_DBOUT_RUNS" ENABLE constraint "WT_DBOUT_RUNS_FK2";
alter table "WTP"."WT_PROFILES" ENABLE constraint "WT_PROFILES_FK1";
alter table "WTP"."WT_RESULTS" ENABLE constraint "WT_RESULTS_FK1";
alter table "WTP"."WT_RESULTS" ENABLE constraint "WT_RESULTS_FK2";
alter table "WTP"."WT_TESTCASE_RUNS" ENABLE constraint "WT_TESTCASE_RUNS_FK1";
alter table "WTP"."WT_TESTCASE_RUNS" ENABLE constraint "WT_TESTCASE_RUNS_FK2";
alter table "WTP"."WT_TEST_RUNS" ENABLE constraint "WT_TEST_RUNS_FK1";
alter table "WTP"."WT_TEST_RUNS" ENABLE constraint "WT_TEST_RUNS_FK2";
-- WTP Alter Foreign Keys is done.

PL/SQL procedure successfully completed.


alter_triggers_ENABLE
Alter Triggers for wtpsav Install Type
alter trigger "WTP"."WT_SELF_TEST$TEST" ENABLE;
-- WTP Alter Triggers is done.

PL/SQL procedure successfully completed.


update_id_sequences
Update ID Sequences for wtpsav Install Type
-- WTP Identity Sequence Updates is done.

PL/SQL procedure successfully completed.


Load Installation Files

Confirm/Create odbcapture_installation_logs Table

PL/SQL procedure successfully completed.


sqlldr_control=./odbcapture_installation_logs.ctl


PL/SQL procedure successfully completed.


compile_all
Compile All for wtpsav Install Type
-- WTP Compile All is done.

PL/SQL procedure successfully completed.

=== DBI Completed at 2024-04-03T16:08:00 for a duration of 3.45 seconds (started at 2024-04-03T16:07:57)
