
SQL*Loader: Release 21.0.0.0.0 - Production on Fri Apr 5 14:28:13 2024
Version 21.3.0.0.0

Copyright (c) 1982, 2021, Oracle and/or its affiliates.  All rights reserved.

Control File:   ODBCAPTURE/OBJECT_CONF.ctl
Data File:      ODBCAPTURE/OBJECT_CONF.csv
  Bad File:     ODBCAPTURE/OBJECT_CONF.bad
  Discard File:  none specified
 
 (Allow all discards)

Number to load: ALL
Number to skip: 1
Errors allowed: 50
Bind array:     250 rows, maximum of 1048576 bytes
Continuation:    none specified
Path used:      Conventional
Silent options: FEEDBACK
Table "ODBCAPTURE"."OBJECT_CONF", loaded from every logical record.
Insert option in effect for this table: APPEND
TRAILING NULLCOLS option in effect

   Column Name                  Position   Len  Term Encl Datatype
------------------------------ ---------- ----- ---- ---- ---------------------
USERNAME                            FIRST   128   ,  O(") CHARACTER            
INSTALL_OTYPE                        NEXT    20   ,  O(") CHARACTER            
INSTALL_TYPE                         NEXT    10   ,  O(") CHARACTER            
ONAME_FILTER                         NEXT  4000   ,  O(") CHARACTER            
NOTES                                NEXT  1024   ,  O(") CHARACTER            

value used for ROWS parameter changed from 250 to 201

Table "ODBCAPTURE"."OBJECT_CONF":
  8 Rows successfully loaded.
  0 Rows not loaded due to data errors.
  0 Rows not loaded because all WHEN clauses were failed.
  0 Rows not loaded because all fields were null.


Space allocated for bind array:                1043592 bytes(201 rows)
Read   buffer bytes: 1048576

Total logical records skipped:          1
Total logical records read:             8
Total logical records rejected:         0
Total logical records discarded:        0

Run began on Fri Apr 05 14:28:13 2024
Run ended on Fri Apr 05 14:28:13 2024

Elapsed time was:     00:00:00.34
CPU time was:         00:00:00.05
