
SQL*Loader: Release 21.0.0.0.0 - Production on Wed Apr 3 13:44:34 2024
Version 21.3.0.0.0

Copyright (c) 1982, 2021, Oracle and/or its affiliates.  All rights reserved.

Control File:   ODBCAPTURE/SCHEMA_CONF.ctl
Data File:      ODBCAPTURE/SCHEMA_CONF.csv
  Bad File:     ODBCAPTURE/SCHEMA_CONF.bad
  Discard File:  none specified
 
 (Allow all discards)

Number to load: ALL
Number to skip: 1
Errors allowed: 50
Bind array:     250 rows, maximum of 1048576 bytes
Continuation:    none specified
Path used:      Conventional
Silent options: FEEDBACK
Table "ODBCAPTURE"."SCHEMA_CONF", loaded from every logical record.
Insert option in effect for this table: APPEND
TRAILING NULLCOLS option in effect

   Column Name                  Position   Len  Term Encl Datatype
------------------------------ ---------- ----- ---- ---- ---------------------
USERNAME                            FIRST   128   ,  O(") CHARACTER            
INSTALL_TYPE                         NEXT    10   ,  O(") CHARACTER            
TS_SIZE                              NEXT    10   ,  O(") CHARACTER            
NOTES                                NEXT  1024   ,  O(") CHARACTER            
TABLESPACE_NAME                      NEXT    30   ,  O(") CHARACTER            


Table "ODBCAPTURE"."SCHEMA_CONF":
  1 Row successfully loaded.
  0 Rows not loaded due to data errors.
  0 Rows not loaded because all WHEN clauses were failed.
  0 Rows not loaded because all fields were null.


Space allocated for bind array:                 303000 bytes(250 rows)
Read   buffer bytes: 1048576

Total logical records skipped:          1
Total logical records read:             1
Total logical records rejected:         0
Total logical records discarded:        0

Run began on Wed Apr 03 13:44:34 2024
Run ended on Wed Apr 03 13:44:34 2024

Elapsed time was:     00:00:00.37
CPU time was:         00:00:00.04
